z:\homes\noam\r3\x+\gui-clr\x64\release\vc145.pdb
z:\homes\noam\r3\x+\gui-clr\x64\release\uisettings.obj
z:\homes\noam\r3\x+\gui-clr\x64\release\structurefactor.obj
z:\homes\noam\r3\x+\gui-clr\x64\release\smoothwindow.obj
z:\homes\noam\r3\x+\gui-clr\x64\release\signalseries.obj
z:\homes\noam\r3\x+\gui-clr\x64\release\signalfile.obj
z:\homes\noam\r3\x+\gui-clr\x64\release\resultswindow.obj
z:\homes\noam\r3\x+\gui-clr\x64\release\openingwindow.obj
z:\homes\noam\r3\x+\gui-clr\x64\release\openglcontrol.obj
z:\homes\noam\r3\x+\gui-clr\x64\release\main.obj
z:\homes\noam\r3\x+\gui-clr\x64\release\graphtoolkit.obj
z:\homes\noam\r3\x+\gui-clr\x64\release\genbackground.obj
z:\homes\noam\r3\x+\gui-clr\x64\release\formfactor.obj
z:\homes\noam\r3\x+\gui-clr\x64\release\extractbaseline.obj
z:\homes\noam\r3\x+\gui-clr\x64\release\extractbackground.obj
z:\homes\noam\r3\x+\gui-clr\x64\release\externalmodeldialog.obj
z:\homes\noam\r3\x+\gui-clr\x64\release\exportgraph.obj
z:\homes\noam\r3\x+\gui-clr\x64\release\errortablewindow.obj
z:\homes\noam\r3\x+\gui-clr\x64\release\edprofile.obj
z:\homes\noam\r3\x+\gui-clr\x64\release\datamanip.obj
z:\homes\noam\r3\x+\gui-clr\x64\release\background.obj
z:\homes\noam\r3\x+\gui-clr\x64\release\unicodechars.obj
z:\homes\noam\r3\x+\gui-clr\x64\release\.netframework,version=v4.7.2.assemblyattributes.obj
z:\homes\noam\r3\x64\release\x+.exe
z:\homes\noam\r3\x64\release\gui-clr.pdb
z:\homes\noam\r3\x+\gui-clr\x64\release\gui-clr.res
z:\homes\noam\r3\x64\release\gui-clr.exe
z:\homes\noam\r3\x+\gui-clr\x64\release\gui-clr.tlog\cl.command.1.tlog
z:\homes\noam\r3\x+\gui-clr\x64\release\gui-clr.tlog\cl.items.tlog
z:\homes\noam\r3\x+\gui-clr\x64\release\gui-clr.tlog\cl.read.1.tlog
z:\homes\noam\r3\x+\gui-clr\x64\release\gui-clr.tlog\cl.write.1.tlog
z:\homes\noam\r3\x+\gui-clr\x64\release\gui-clr.tlog\link.command.1.tlog
z:\homes\noam\r3\x+\gui-clr\x64\release\gui-clr.tlog\link.read.1.tlog
z:\homes\noam\r3\x+\gui-clr\x64\release\gui-clr.tlog\link.secondary.1.tlog
z:\homes\noam\r3\x+\gui-clr\x64\release\gui-clr.tlog\link.write.1.tlog
z:\homes\noam\r3\x+\gui-clr\x64\release\gui-clr.tlog\metagen.read.1.tlog
z:\homes\noam\r3\x+\gui-clr\x64\release\gui-clr.tlog\metagen.write.1.tlog
z:\homes\noam\r3\x+\gui-clr\x64\release\gui-clr.tlog\rc.command.1.tlog
z:\homes\noam\r3\x+\gui-clr\x64\release\gui-clr.tlog\rc.read.1.tlog
z:\homes\noam\r3\x+\gui-clr\x64\release\gui-clr.tlog\rc.write.1.tlog
z:\homes\noam\r3\x+\gui-clr\x64\release\gui-clr.tlog\resgen.command.1.tlog
z:\homes\noam\r3\x+\gui-clr\x64\release\gui-clr.tlog\resgen.read.1.tlog
z:\homes\noam\r3\x+\gui-clr\x64\release\gui-clr.tlog\resgen.write.1.tlog
