z:\homes\noam\r3\x+\calculation\x64\release\vc145.pdb
z:\homes\noam\r3\x+\calculation\x64\release\mcfitting.obj
z:\homes\noam\r3\x+\calculation\x64\release\mathfuncs.obj
z:\homes\noam\r3\x+\calculation\x64\release\inimgt.obj
z:\homes\noam\r3\x+\calculation\x64\release\helicalmodels.obj
z:\homes\noam\r3\x+\calculation\x64\release\gpgpumodels.obj
z:\homes\noam\r3\x+\calculation\x64\release\gpgpu.obj
z:\homes\noam\r3\x+\calculation\x64\release\glpreview.obj
z:\homes\noam\r3\x+\calculation\x64\release\globalsettings.obj
z:\homes\noam\r3\x+\calculation\x64\release\gauss.obj
z:\homes\noam\r3\x+\calculation\x64\release\fitting.obj
z:\homes\noam\r3\x+\calculation\x64\release\filemgt.obj
z:\homes\noam\r3\x+\calculation\x64\release\edprofile.obj
z:\homes\noam\r3\x+\calculation\x64\release\desolver.obj
z:\homes\noam\r3\x+\calculation\x64\release\defitting.obj
z:\homes\noam\r3\x+\calculation\x64\release\defaultmodels.obj
z:\homes\noam\r3\x+\calculation\x64\release\cylindricalmodels.obj
z:\homes\noam\r3\x+\calculation\x64\release\bgfitting.obj
z:\homes\noam\r3\x+\calculation\x64\release\backwardscompatibility.obj
z:\homes\noam\r3\x+\calculation\x64\release\background.obj
z:\homes\noam\r3\x+\calculation\x64\release\alglib.obj
z:\homes\noam\r3\x+\calculation\x64\release\tramodel.obj
z:\homes\noam\r3\x+\calculation\x64\release\structurefitting.obj
z:\homes\noam\r3\x+\calculation\x64\release\sphericalmodels.obj
z:\homes\noam\r3\x+\calculation\x64\release\smooth.obj
z:\homes\noam\r3\x+\calculation\x64\release\slabmodels.obj
z:\homes\noam\r3\x+\calculation\x64\release\simpsonrule.obj
z:\homes\noam\r3\x+\calculation\x64\release\quadrature.obj
z:\homes\noam\r3\x+\calculation\x64\release\othermodels.obj
z:\homes\noam\r3\x+\calculation\x64\release\montecarlo.obj
z:\homes\noam\r3\x+\calculation\x64\release\models.obj
z:\homes\noam\r3\x+\calculation\x64\release\modelfitting.obj
z:\homes\noam\r3\x+\calculation\x64\release\model.obj
z:\homes\noam\r3\x64\release\xplusbackend.dll
z:\homes\noam\r3\x64\release\calculation.pdb
z:\homes\noam\r3\x+\calculation\x64\release\calculation.res
z:\homes\noam\r3\x64\release\xplusbackend.lib
z:\homes\noam\r3\x64\release\xplusbackend.exp
z:\homes\noam\r3\x+\calculation\x64\release\calculation.tlog\cl.command.1.tlog
z:\homes\noam\r3\x+\calculation\x64\release\calculation.tlog\cl.items.tlog
z:\homes\noam\r3\x+\calculation\x64\release\calculation.tlog\cl.read.1.tlog
z:\homes\noam\r3\x+\calculation\x64\release\calculation.tlog\cl.write.1.tlog
z:\homes\noam\r3\x+\calculation\x64\release\calculation.tlog\link.command.1.tlog
z:\homes\noam\r3\x+\calculation\x64\release\calculation.tlog\link.read.1.tlog
z:\homes\noam\r3\x+\calculation\x64\release\calculation.tlog\link.secondary.1.tlog
z:\homes\noam\r3\x+\calculation\x64\release\calculation.tlog\link.write.1.tlog
z:\homes\noam\r3\x+\calculation\x64\release\calculation.tlog\rc.command.1.tlog
z:\homes\noam\r3\x+\calculation\x64\release\calculation.tlog\rc.read.1.tlog
z:\homes\noam\r3\x+\calculation\x64\release\calculation.tlog\rc.write.1.tlog
