 xplusbackend

 Timestamp is 6a16b4c0 (Wed May 27 12:09:20 2026)

 Preferred load address is 10000000

 Start         Length     Name                   Class
 0001:00000000 000000a0H .text$di                CODE
 0001:000000a0 000618f0H .text$mn                CODE
 0001:00061990 00003e40H .text$x                 CODE
 0001:000657d0 0000019bH .text$yd                CODE
 0002:00000000 00000300H .idata$5                DATA
 0002:00000300 00000008H .00cfg                  DATA
 0002:00000308 00000004H .CRT$XCA                DATA
 0002:0000030c 00000004H .CRT$XCL                DATA
 0002:00000310 00000024H .CRT$XCU                DATA
 0002:00000334 00000004H .CRT$XCZ                DATA
 0002:00000338 00000004H .CRT$XIA                DATA
 0002:0000033c 00000004H .CRT$XIZ                DATA
 0002:00000340 00000004H .CRT$XLA                DATA
 0002:00000344 00000004H .CRT$XLZ                DATA
 0002:00000348 00000004H .CRT$XPA                DATA
 0002:0000034c 00000004H .CRT$XPZ                DATA
 0002:00000350 00000004H .CRT$XTA                DATA
 0002:00000354 0000000cH .CRT$XTZ                DATA
 0002:00000358 00000000H .gfids$y                DATA
 0002:00000360 00005960H .rdata                  DATA
 0002:00005cc0 00000000H .rdata$CastGuardVftablesA DATA
 0002:00005cc0 00000000H .rdata$CastGuardVftablesC DATA
 0002:00005cc0 00000018H .rdata$T                DATA
 0002:00005cd8 00001090H .rdata$r                DATA
 0002:00006d68 000002d4H .rdata$sxdata           DATA
 0002:0000703c 0000009cH .rdata$voltmd           DATA
 0002:000070d8 000003dcH .rdata$zzzdbg           DATA
 0002:000074b4 00000004H .rtc$IAA                DATA
 0002:000074b8 00000004H .rtc$IZZ                DATA
 0002:000074bc 00000004H .rtc$TAA                DATA
 0002:000074c0 00000004H .rtc$TZZ                DATA
 0002:000074c4 00000004H .tls                    DATA
 0002:000074c8 00000004H .tls$                   DATA
 0002:000074cc 00000004H .tls$ZZZ                DATA
 0002:000074d0 00003a40H .xdata$x                DATA
 0002:0000af10 00003e54H .edata                  DATA
 0002:0000ed64 00000154H .idata$2                DATA
 0002:0000eeb8 00000014H .idata$3                DATA
 0002:0000eecc 00000300H .idata$4                DATA
 0002:0000f1cc 00001588H .idata$6                DATA
 0003:00000000 000000c8H .data                   DATA
 0003:000000c8 00000080H .data$r                 DATA
 0003:00000148 00000770H .data$rs                DATA
 0003:000008b8 00000268H .bss                    DATA
 0004:00000000 00022b10H _RDATA                  DATA
 0005:00000000 000000a0H .rsrc$01                DATA
 0005:000000a0 000003b0H .rsrc$02                DATA

  Address         Publics by Value              Rva+Base       Lib:Object

 0000:00000000       ___AbsoluteZero            00000000     <absolute>
 0000:00000000       ___arm64x_extra_rfe_table  00000000     <absolute>
 0000:00000000       ___arm64x_extra_rfe_table_size 00000000     <absolute>
 0000:00000000       ___arm64x_native_entrypoint 00000000     <absolute>
 0000:00000000       ___arm64x_redirection_metadata 00000000     <absolute>
 0000:00000000       ___arm64x_redirection_metadata_count 00000000     <absolute>
 0000:00000000       ___dynamic_value_reloc_table 00000000     <absolute>
 0000:00000000       ___enclave_config          00000000     <absolute>
 0000:00000000       ___guard_check_icall_a64n_fptr 00000000     <absolute>
 0000:00000000       ___guard_eh_cont_count     00000000     <absolute>
 0000:00000000       ___guard_eh_cont_table     00000000     <absolute>
 0000:00000000       ___guard_fids_count        00000000     <absolute>
 0000:00000000       ___guard_fids_table        00000000     <absolute>
 0000:00000000       ___guard_iat_count         00000000     <absolute>
 0000:00000000       ___guard_iat_table         00000000     <absolute>
 0000:00000000       ___guard_longjmp_count     00000000     <absolute>
 0000:00000000       ___guard_longjmp_table     00000000     <absolute>
 0000:00000000       ___hybrid_auxiliary_delayload_iat 00000000     <absolute>
 0000:00000000       ___hybrid_auxiliary_delayload_iat_copy 00000000     <absolute>
 0000:00000000       ___hybrid_auxiliary_iat    00000000     <absolute>
 0000:00000000       ___hybrid_auxiliary_iat_copy 00000000     <absolute>
 0000:00000000       ___hybrid_code_map         00000000     <absolute>
 0000:00000000       ___hybrid_code_map_count   00000000     <absolute>
 0000:00000000       ___hybrid_image_info_bitfield 00000000     <absolute>
 0000:00000000       ___x64_code_ranges_to_entry_points 00000000     <absolute>
 0000:00000000       ___x64_code_ranges_to_entry_points_count 00000000     <absolute>
 0000:0000002c       __tls_array                0000002c     <absolute>
 0000:000000b5       ___safe_se_handler_count   000000b5     <absolute>
 0000:00000100       ___guard_flags             00000100     <absolute>
 0000:00000000       ___ImageBase               10000000     <linker-defined>
 0001:000000a0       ??0exception@std@@QAE@ABV01@@Z 100010a0 f i alglib.obj
 0001:000000d0       ?what@exception@std@@UBEPBDXZ 100010d0 f i alglib.obj
 0001:000000e0       ??_Ebad_alloc@std@@UAEPAXI@Z 100010e0 f i * CIL library *:* CIL module *
 0001:000000e0       ??_Ebad_array_new_length@std@@UAEPAXI@Z 100010e0 f i * CIL library *:* CIL module *
 0001:000000e0       ??_Ebad_cast@std@@UAEPAXI@Z 100010e0 f i * CIL library *:* CIL module *
 0001:000000e0       ??_Eexception@std@@UAEPAXI@Z 100010e0 f i * CIL library *:* CIL module *
 0001:000000e0       ??_Gbad_alloc@std@@UAEPAXI@Z 100010e0 f i alglib.obj
 0001:000000e0       ??_Gbad_array_new_length@std@@UAEPAXI@Z 100010e0 f i background.obj
 0001:000000e0       ??_Gbad_cast@std@@UAEPAXI@Z 100010e0 f i filemgt.obj
 0001:000000e0       ??_Gexception@std@@UAEPAXI@Z 100010e0 f i alglib.obj
 0001:00000120       ??0bad_alloc@std@@QAE@XZ   10001120 f i alglib.obj
 0001:00000140       ??1bad_alloc@std@@UAE@XZ   10001140 f i alglib.obj
 0001:00000140       ??1bad_array_new_length@std@@UAE@XZ 10001140 f i background.obj
 0001:00000140       ??1bad_cast@std@@UAE@XZ    10001140 f i filemgt.obj
 0001:00000160       ??0bad_alloc@std@@QAE@ABV01@@Z 10001160 f i alglib.obj
 0001:000001a0       ?__scrt_throw_std_bad_alloc@@YAXXZ 100011a0 f i MSVCRT:throw_bad_alloc.obj
 0001:000001a0       ?throw_std_bad_alloc@internal@Eigen@@YAXXZ 100011a0 f i alglib.obj
 0001:000001c0       ?buildgausslegendrequadrature@@YAXHNNAAV?$Matrix@N$0?0$00$0A@$0?0$00@Eigen@@0@Z 100011c0 f   alglib.obj
 0001:000005d0       ??$conditional_aligned_new_auto@H$00@internal@Eigen@@YAPAHI@Z 100015d0 f i bgfitting.obj
 0001:000005d0       ??$conditional_aligned_new_auto@M$00@internal@Eigen@@YAPAMI@Z 100015d0 f i alglib.obj
 0001:00000620       ??$conditional_aligned_new_auto@N$00@internal@Eigen@@YAPANI@Z 10001620 f i alglib.obj
 0001:00000670       ??$default_construct_elements_of_array@N@internal@Eigen@@YAPANPANI@Z 10001670 f i alglib.obj
 0001:00000680       ??0bad_array_new_length@std@@QAE@XZ 10001680 f i background.obj
 0001:000006a0       ?_Throw_bad_array_new_length@std@@YAXXZ 100016a0 f i background.obj
 0001:000006a0       ?__scrt_throw_std_bad_array_new_length@@YAXXZ 100016a0 f i MSVCRT:throw_bad_alloc.obj
 0001:000006c0       ??0bad_array_new_length@std@@QAE@ABV01@@Z 100016c0 f i background.obj
 0001:00000700       ?vmin@@YAHABV?$vector@NV?$allocator@N@std@@@std@@@Z 10001700 f   background.obj
 0001:000007b0       ?ImportBackground@@YAXPB_W00_N@Z 100017b0 f   background.obj
 0001:00000f20       ?GenerateBGLinesandFormFactor@@YAXPB_W0AAV?$vector@NV?$allocator@N@std@@@std@@11_N@Z 10001f20 f   background.obj
 0001:000014f0       ?AutoBaselineGen@@YAXABV?$vector@NV?$allocator@N@std@@@std@@0AAV12@@Z 100024f0 f   background.obj
 0001:00001840       ??1?$vector@HV?$allocator@H@std@@@std@@QAE@XZ 10002840 f i background.obj
 0001:00001840       ??1?$vector@_NV?$allocator@_N@std@@@std@@QAE@XZ 10002840 f i BackwardsCompatibility.obj
 0001:00001850       ?push_back@?$vector@NV?$allocator@N@std@@@std@@QAEX$$QAN@Z 10002850 f i background.obj
 0001:00001880       ??1?$vector@NV?$allocator@N@std@@@std@@QAE@XZ 10002880 f i background.obj
 0001:00001890       ??$_Assign_counted_range@PAN@?$vector@NV?$allocator@N@std@@@std@@AAEXPANI@Z 10002890 f i background.obj
 0001:000019e0       ??1?$vector@IV?$allocator@I@std@@@std@@QAE@XZ 100029e0 f i BackwardsCompatibility.obj
 0001:000019e0       ??1?$vector@MV?$allocator@M@std@@@std@@QAE@XZ 100029e0 f i GLpreview.obj
 0001:000019e0       ??1?$vector@W4BGFuncType@@V?$allocator@W4BGFuncType@@@std@@@std@@QAE@XZ 100029e0 f i BackwardsCompatibility.obj
 0001:000019e0       ?_Tidy@?$vector@HV?$allocator@H@std@@@std@@AAEXXZ 100029e0 f i background.obj
 0001:00001a40       ?_Xrange@?$vector@MV?$allocator@M@std@@@std@@CAXXZ 10002a40 f i GLpreview.obj
 0001:00001a40       ?_Xrange@?$vector@NV?$allocator@N@std@@@std@@CAXXZ 10002a40 f i background.obj
 0001:00001a40       ?_Xrange@?$vector@UParamCons@@V?$allocator@UParamCons@@@std@@@std@@CAXXZ 10002a40 f i inimgt.obj
 0001:00001a50       ?_Tidy@?$vector@NV?$allocator@N@std@@@std@@AAEXXZ 10002a50 f i background.obj
 0001:00001ab0       ??$_Emplace_reallocate@ABH@?$vector@HV?$allocator@H@std@@@std@@AAEPAHQAHABH@Z 10002ab0 f i background.obj
 0001:00001ab0       ??$_Emplace_reallocate@H@?$vector@HV?$allocator@H@std@@@std@@AAEPAHQAH$$QAH@Z 10002ab0 f i BackwardsCompatibility.obj
 0001:00001ab0       ??$_Emplace_reallocate@M@?$vector@MV?$allocator@M@std@@@std@@AAEPAMQAM$$QAM@Z 10002ab0 f i GLpreview.obj
 0001:00001ab0       ??$_Emplace_reallocate@W4BGFuncType@@@?$vector@W4BGFuncType@@V?$allocator@W4BGFuncType@@@std@@@std@@AAEPAW4BGFuncType@@QAW42@$$QAW42@@Z 10002ab0 f i inimgt.obj
 0001:00001c10       ??$_Resize_reallocate@N@?$vector@NV?$allocator@N@std@@@std@@AAEXIABN@Z 10002c10 f i background.obj
 0001:00001d40       ??$_Uninitialized_fill_n@V?$allocator@N@std@@@std@@YAPANPANIABNAAV?$allocator@N@0@@Z 10002d40 f i background.obj
 0001:00001dc0       ??$_Resize_reallocate@U_Value_init_tag@std@@@?$vector@NV?$allocator@N@std@@@std@@AAEXIABU_Value_init_tag@1@@Z 10002dc0 f i background.obj
 0001:00001ef0       ??$_Emplace_reallocate@ABN@?$vector@NV?$allocator@N@std@@@std@@AAEPANQANABN@Z 10002ef0 f i background.obj
 0001:00001ef0       ??$_Emplace_reallocate@N@?$vector@NV?$allocator@N@std@@@std@@AAEPANQAN$$QAN@Z 10002ef0 f i background.obj
 0001:00002060       ?_Xlength@?$vector@DV?$allocator@D@std@@@std@@CAXXZ 10003060 f i BackwardsCompatibility.obj
 0001:00002060       ?_Xlength@?$vector@HV?$allocator@H@std@@@std@@CAXXZ 10003060 f i background.obj
 0001:00002060       ?_Xlength@?$vector@IV?$allocator@I@std@@@std@@CAXXZ 10003060 f i BackwardsCompatibility.obj
 0001:00002060       ?_Xlength@?$vector@MV?$allocator@M@std@@@std@@CAXXZ 10003060 f i GLpreview.obj
 0001:00002060       ?_Xlength@?$vector@NV?$allocator@N@std@@@std@@CAXXZ 10003060 f i background.obj
 0001:00002060       ?_Xlength@?$vector@UParamCons@@V?$allocator@UParamCons@@@std@@@std@@CAXXZ 10003060 f i inimgt.obj
 0001:00002060       ?_Xlength@?$vector@UParameter@@V?$allocator@UParameter@@@std@@@std@@CAXXZ 10003060 f i BackwardsCompatibility.obj
 0001:00002060       ?_Xlength@?$vector@V?$basic_string@DU?$char_traits@D@std@@V?$allocator@D@2@@std@@V?$allocator@V?$basic_string@DU?$char_traits@D@std@@V?$allocator@D@2@@std@@@2@@std@@CAXXZ 10003060 f i structurefitting.obj
 0001:00002060       ?_Xlength@?$vector@V?$vector@HV?$allocator@H@std@@@std@@V?$allocator@V?$vector@HV?$allocator@H@std@@@std@@@2@@std@@CAXXZ 10003060 f i structurefitting.obj
 0001:00002060       ?_Xlength@?$vector@V?$vector@UParameter@@V?$allocator@UParameter@@@std@@@std@@V?$allocator@V?$vector@UParameter@@V?$allocator@UParameter@@@std@@@std@@@2@@std@@CAXXZ 10003060 f i BackwardsCompatibility.obj
 0001:00002060       ?_Xlength@?$vector@V?$vector@V?$vector@HV?$allocator@H@std@@@std@@V?$allocator@V?$vector@HV?$allocator@H@std@@@std@@@2@@std@@V?$allocator@V?$vector@V?$vector@HV?$allocator@H@std@@@std@@V?$allocator@V?$vector@HV?$allocator@H@std@@@std@@@2@@std@@@2@@std@@CAXXZ 10003060 f i structurefitting.obj
 0001:00002060       ?_Xlength@?$vector@W4BGFuncType@@V?$allocator@W4BGFuncType@@@std@@@std@@CAXXZ 10003060 f i inimgt.obj
 0001:00002070       ?_Buy_raw@?$vector@NV?$allocator@N@std@@@std@@AAEXI@Z 10003070 f i background.obj
 0001:00002100       _wmemchr                   10003100 f i BackwardsCompatibility.obj
 0001:00002250       ?_Xlen_string@std@@YAXXZ   10003250 f i BackwardsCompatibility.obj
 0001:00002260       ??0EDProfile@@QAE@W4ProfileType@@W4ProfileShape@@PAVEDPFunction@@@Z 10003260 f i BackwardsCompatibility.obj
 0001:00002280       ??4EDProfile@@QAEAAU0@ABU0@@Z 10003280 f i BackwardsCompatibility.obj
 0001:000022a0       ??4EDProfile@@QAEAAU0@$$QAU0@@Z 100032a0 f i BackwardsCompatibility.obj
 0001:000022c0       ??_FEDProfile@@QAEXXZ      100032c0 f i BackwardsCompatibility.obj
 0001:000022e0       ??0EDPFunction@@IAE@ABV?$Matrix@N$0?0$0?0$0A@$0?0$0?0@Eigen@@@Z 100032e0 f i BackwardsCompatibility.obj
 0001:00002350       ??1EDPFunction@@UAE@XZ     10003350 f i BackwardsCompatibility.obj
 0001:00002370       ?GetNumBaseModels@Model@@UAEHXZ 10003370 f i Model.obj
 0001:00002370       ?GetNumEDParams@EDPFunction@@UAEHXZ 10003370 f i BackwardsCompatibility.obj
 0001:00002370       ?GetNumRelatedModels@Model@@UAEHXZ 10003370 f i Model.obj
 0001:00002370       ?GetSpecializedSF@FFModel@@UAEPAVModel@@XZ 10003370 f i BackwardsCompatibility.obj
 0001:00002370       ___scrt_stub_for_is_c_termination_complete 10003370 f i MSVCRT:ucrt_stubs.obj
 0001:00002370       __is_c_termination_complete 10003370 f i MSVCRT:ucrt_stubs.obj
 0001:00002380       ?GetEDParamName@EDPFunction@@UAE?AV?$basic_string@DU?$char_traits@D@std@@V?$allocator@D@2@@std@@H@Z 10003380 f i BackwardsCompatibility.obj
 0001:00002380       ?GetRelatedModelName@Model@@UAE?AV?$basic_string@DU?$char_traits@D@std@@V?$allocator@D@2@@std@@H@Z 10003380 f i Model.obj
 0001:000023c0       ?GetEDParamDefaultValue@EDPFunction@@UAENHH@Z 100033c0 f i BackwardsCompatibility.obj
 0001:000023d0       ?SetResolution@EDPFunction@@QAEXH@Z 100033d0 f i BackwardsCompatibility.obj
 0001:000023e0       ??0EDPFunction@@QAE@ABV0@@Z 100033e0 f i BackwardsCompatibility.obj
 0001:00002450       ??4EDPFunction@@QAEAAV0@ABV0@@Z 10003450 f i BackwardsCompatibility.obj
 0001:000025f0       ??_EEDPFunction@@UAEPAXI@Z 100035f0 f i BackwardsCompatibility.obj
 0001:000026b0       ??1?$DenseStorage@H$0?0$0?0$00$0A@$00@Eigen@@QAE@XZ 100036b0 f i bgfitting.obj
 0001:000026b0       ??1?$DenseStorage@H$0?0$0?0$0?0$0A@$00@Eigen@@QAE@XZ 100036b0 f i structurefitting.obj
 0001:000026b0       ??1?$DenseStorage@M$0?0$0?0$00$0A@$00@Eigen@@QAE@XZ 100036b0 f i Model.obj
 0001:000026b0       ??1?$DenseStorage@N$0?0$0?0$00$0A@$00@Eigen@@QAE@XZ 100036b0 f i BackwardsCompatibility.obj
 0001:000026b0       ??1?$DenseStorage@N$0?0$0?0$0?0$0A@$00@Eigen@@QAE@XZ 100036b0 f i BackwardsCompatibility.obj
 0001:000026b0       ??1?$DenseStorage_impl@N$0?0$0?0$00$0A@@internal@Eigen@@QAE@XZ 100036b0 f i BackwardsCompatibility.obj
 0001:000026b0       ??1?$DenseStorage_impl@N$0?0$0?0$0?0$0A@@internal@Eigen@@QAE@XZ 100036b0 f i BackwardsCompatibility.obj
 0001:000026b0       ??1?$Matrix@H$00$0?0$00$00$0?0@Eigen@@QAE@XZ 100036b0 f i fitting.obj
 0001:000026b0       ??1?$Matrix@H$0?0$00$0A@$0?0$00@Eigen@@QAE@XZ 100036b0 f i bgfitting.obj
 0001:000026b0       ??1?$Matrix@H$0?0$0?0$0A@$0?0$0?0@Eigen@@QAE@XZ 100036b0 f i structurefitting.obj
 0001:000026b0       ??1?$Matrix@M$0?0$00$0A@$0?0$00@Eigen@@QAE@XZ 100036b0 f i Model.obj
 0001:000026b0       ??1?$Matrix@N$00$0?0$00$00$0?0@Eigen@@QAE@XZ 100036b0 f i EDProfile.obj
 0001:000026b0       ??1?$Matrix@N$0?0$00$0A@$0?0$00@Eigen@@QAE@XZ 100036b0 f i BackwardsCompatibility.obj
 0001:000026b0       ??1?$Matrix@N$0?0$0?0$00$0?0$0?0@Eigen@@QAE@XZ 100036b0 f i fitting.obj
 0001:000026b0       ??1?$Matrix@N$0?0$0?0$0A@$0?0$0?0@Eigen@@QAE@XZ 100036b0 f i BackwardsCompatibility.obj
 0001:000026b0       ??1?$Matrix@_N$0?0$00$0A@$0?0$00@Eigen@@QAE@XZ 100036b0 f i fitting.obj
 0001:000026b0       ??1?$PermutationMatrix@$0?0$0?0H@Eigen@@QAE@XZ 100036b0 f i fitting.obj
 0001:000026b0       ??1?$PlainObjectBase@V?$Matrix@H$00$0?0$00$00$0?0@Eigen@@@Eigen@@QAE@XZ 100036b0 f i fitting.obj
 0001:000026b0       ??1?$PlainObjectBase@V?$Matrix@H$0?0$00$0A@$0?0$00@Eigen@@@Eigen@@QAE@XZ 100036b0 f i bgfitting.obj
 0001:000026b0       ??1?$PlainObjectBase@V?$Matrix@N$00$0?0$00$00$0?0@Eigen@@@Eigen@@QAE@XZ 100036b0 f i EDProfile.obj
 0001:000026b0       ??1?$PlainObjectBase@V?$Matrix@N$0?0$00$0A@$0?0$00@Eigen@@@Eigen@@QAE@XZ 100036b0 f i BackwardsCompatibility.obj
 0001:000026b0       ??1?$PlainObjectBase@V?$Matrix@N$0?0$0?0$00$0?0$0?0@Eigen@@@Eigen@@QAE@XZ 100036b0 f i fitting.obj
 0001:000026b0       ??1?$PlainObjectBase@V?$Matrix@N$0?0$0?0$0A@$0?0$0?0@Eigen@@@Eigen@@QAE@XZ 100036b0 f i BackwardsCompatibility.obj
 0001:000026b0       ??1?$PlainObjectBase@V?$Matrix@_N$0?0$00$0A@$0?0$00@Eigen@@@Eigen@@QAE@XZ 100036b0 f i fitting.obj
 0001:000026b0       ??1?$evaluator@V?$Product@V?$CwiseUnaryOp@U?$core_cast_op@HN@internal@Eigen@@$$CBV?$Matrix@H$0?0$0?0$0A@$0?0$0?0@3@@Eigen@@V?$Matrix@N$0?0$0?0$0A@$0?0$0?0@2@$00@Eigen@@@internal@Eigen@@QAE@XZ 100036b0 f i structurefitting.obj
 0001:000026b0       ??1?$evaluator@V?$Product@V?$Product@V?$Matrix@N$0?0$0?0$0A@$0?0$0?0@Eigen@@V12@$0A@@Eigen@@V?$Transpose@$$CBV?$Matrix@N$0?0$0?0$0A@$0?0$0?0@Eigen@@@2@$00@Eigen@@@internal@Eigen@@QAE@XZ 100036b0 f i fitting.obj
 0001:000026d0       ?debugMatrixPrintM@Model@@QAE?AV?$basic_string@DU?$char_traits@D@std@@V?$allocator@D@2@@std@@V?$Matrix@N$0?0$0?0$0A@$0?0$0?0@Eigen@@@Z 100036d0 f i BackwardsCompatibility.obj
 0001:00002930       ?debugParamStruct@Model@@QAE?AV?$basic_string@DU?$char_traits@D@std@@V?$allocator@D@2@@std@@UparamStruct@@@Z 10003930 f i BackwardsCompatibility.obj
 0001:00002c70       ?debugModelParams@Model@@QAE?AV?$basic_string@DU?$char_traits@D@std@@V?$allocator@D@2@@std@@XZ 10003c70 f i BackwardsCompatibility.obj
 0001:000030c0       ??0Model@@QAE@ABV0@@Z      100040c0 f i BackwardsCompatibility.obj
 0001:00003140       ??4Model@@QAEAAV0@ABV0@@Z  10004140 f i BackwardsCompatibility.obj
 0001:000031c0       ??_FModel@@QAEXXZ          100041c0 f i BackwardsCompatibility.obj
 0001:00003260       ??_EModel@@UAEPAXI@Z       10004260 f i BackwardsCompatibility.obj
 0001:00003310       ??_D?$basic_stringstream@DU?$char_traits@D@std@@V?$allocator@D@2@@std@@QAEXXZ 10004310 f i BackwardsCompatibility.obj
 0001:00003350       ??1paramStruct@@QAE@XZ     10004350 f i BackwardsCompatibility.obj
 0001:00003370       ??0FunctionModel@@QAE@P6ANNAAV?$Matrix@N$0?0$00$0A@$0?0$00@Eigen@@HH@ZHH@Z 10004370 f i BackwardsCompatibility.obj
 0001:00003410       ?PreCalculate@FunctionModel@@UAEXAAV?$Matrix@N$0?0$00$0A@$0?0$00@Eigen@@H@Z 10004410 f i BackwardsCompatibility.obj
 0001:00003570       ?Calculate@FunctionModel@@MAENNHAAV?$Matrix@N$0?0$00$0A@$0?0$00@Eigen@@@Z 10004570 f i BackwardsCompatibility.obj
 0001:000035a0       ??1FunctionModel@@UAE@XZ   100045a0 f i BackwardsCompatibility.obj
 0001:000035d0       ??0FunctionModel@@QAE@ABV0@@Z 100045d0 f i BackwardsCompatibility.obj
 0001:00003660       ??0FunctionModel@@QAE@$$QAV0@@Z 10004660 f i BackwardsCompatibility.obj
 0001:000036b0       ??4FunctionModel@@QAEAAV0@ABV0@@Z 100046b0 f i BackwardsCompatibility.obj
 0001:00003830       ??4FunctionModel@@QAEAAV0@$$QAV0@@Z 10004830 f i BackwardsCompatibility.obj
 0001:00003870       ??_EFunctionModel@@UAEPAXI@Z 10004870 f i BackwardsCompatibility.obj
 0001:00003930       ??0PolydisperseModel@@QAE@PAVModel@@HNAAUparamStruct@@_N@Z 10004930 f i BackwardsCompatibility.obj
 0001:00003a20       ??1PolydisperseModel@@UAE@XZ 10004a20 f i BackwardsCompatibility.obj
 0001:00003a60       ??0PolydisperseModel@@QAE@ABV0@@Z 10004a60 f i BackwardsCompatibility.obj
 0001:00003ae0       ??0paramStruct@@QAE@ABU0@@Z 10004ae0 f i BackwardsCompatibility.obj
 0001:00003bd0       ??4PolydisperseModel@@QAEAAV0@ABV0@@Z 10004bd0 f i BackwardsCompatibility.obj
 0001:00003c60       ??_EPolydisperseModel@@UAEPAXI@Z 10004c60 f i BackwardsCompatibility.obj
 0001:00003d40       ??0FFModel@@IAE@V?$basic_string@DU?$char_traits@D@std@@V?$allocator@D@2@@std@@HHHHUEDProfile@@@Z 10004d40 f i BackwardsCompatibility.obj
 0001:00003e00       ?Calculate@FFModel@@MAENNHAAV?$Matrix@N$0?0$00$0A@$0?0$00@Eigen@@@Z 10004e00 f i BackwardsCompatibility.obj
 0001:00003e30       ?PreCalculate@Model@@UAEXAAV?$Matrix@N$0?0$00$0A@$0?0$00@Eigen@@H@Z 10004e30 f i Model.obj
 0001:00003e30       ?PreCalculateFF@DelixModel@@UAEXAAV?$Matrix@N$0?0$00$0A@$0?0$00@Eigen@@H@Z 10004e30 f i HelicalModels.obj
 0001:00003e30       ?PreCalculateFF@FFModel@@UAEXAAV?$Matrix@N$0?0$00$0A@$0?0$00@Eigen@@H@Z 10004e30 f i BackwardsCompatibility.obj
 0001:00003e30       ?PreCalculateFF@GaussianSlabModel@@UAEXAAV?$Matrix@N$0?0$00$0A@$0?0$00@Eigen@@H@Z 10004e30 f i SlabModels.obj
 0001:00003e30       ?PreCalculateFF@UniformSlabModel@@UAEXAAV?$Matrix@N$0?0$00$0A@$0?0$00@Eigen@@H@Z 10004e30 f i SlabModels.obj
 0001:00003e40       ?HasSpecializedSF@FFModel@@UAE_NXZ 10004e40 f i BackwardsCompatibility.obj
 0001:00003e40       ?IsLayerBased@HelicalModel@@UAE_NXZ 10004e40 f i HelicalModels.obj
 0001:00003e40       ?IsLayerBased@MicroemulsionModel@@UAE_NXZ 10004e40 f i OtherModels.obj
 0001:00003e40       ?IsSlow@FFModel@@UAE_NXZ   10004e40 f i Model.obj
 0001:00003e40       ?IsSlow@SlabModel@@UAE_NXZ 10004e40 f i SlabModels.obj
 0001:00003e50       ?DrawOpenGLPreview@FFModel@@UAEXABUparamStruct@@@Z 10004e50 f i BackwardsCompatibility.obj
 0001:00003e60       ?ClassifyQuadratureMethod@@YAXW4QuadratureMethod@@@Z 10004e60 f i Quadrature.obj
 0001:00003e60       ?DrawPreviewScene@FFModel@@UAEXXZ 10004e60 f i BackwardsCompatibility.obj
 0001:00003e60       ?SetUseFrozenFF@@YAX_N@Z   10004e60 f i globalsettings.obj
 0001:00003e60       ?calcErrors@DEFitter@@UAEXXZ 10004e60 f i bgfitting.obj
 0001:00003e60       @_guard_check_icall_nop@4  10004e60 f i MSVCRT:guard_support.obj
 0001:00003e70       ??1FFModel@@UAE@XZ         10004e70 f i BackwardsCompatibility.obj
 0001:00003e80       ??0FFModel@@QAE@$$QAV0@@Z  10004e80 f i BackwardsCompatibility.obj
 0001:00003e80       ??0FFModel@@QAE@ABV0@@Z    10004e80 f i BackwardsCompatibility.obj
 0001:00003eb0       ??4FFModel@@QAEAAV0@$$QAV0@@Z 10004eb0 f i BackwardsCompatibility.obj
 0001:00003eb0       ??4FFModel@@QAEAAV0@ABV0@@Z 10004eb0 f i BackwardsCompatibility.obj
 0001:00003ed0       ??_FFFModel@@QAEXXZ        10004ed0 f i BackwardsCompatibility.obj
 0001:00003f70       ??_EFFModel@@UAEPAXI@Z     10004f70 f i BackwardsCompatibility.obj
 0001:00004020       ??0CompositeModel@@QAE@ABV0@@Z 10005020 f i BackwardsCompatibility.obj
 0001:00004070       ??4CompositeModel@@QAEAAV0@ABV0@@Z 10005070 f i BackwardsCompatibility.obj
 0001:000040b0       ??_ECompositeModel@@UAEPAXI@Z 100050b0 f i BackwardsCompatibility.obj
 0001:00004170       ?toEnumString@@YAXABV?$basic_string@DU?$char_traits@D@std@@V?$allocator@D@2@@std@@HAAV12@@Z 10005170 f i BackwardsCompatibility.obj
 0001:00004260       ?GetModelType@@YA?AW4ModelType@@V?$basic_string@DU?$char_traits@D@std@@V?$allocator@D@2@@std@@@Z 10005260 f   BackwardsCompatibility.obj
 0001:00004a10       ?hasGaussianModel@@YA_NV?$basic_string@DU?$char_traits@D@std@@V?$allocator@D@2@@std@@@Z 10005a10 f   BackwardsCompatibility.obj
 0001:00004f30       ?ReadMutability@@YAXABV?$basic_string@_WU?$char_traits@_W@std@@V?$allocator@_W@2@@std@@V?$basic_string@DU?$char_traits@D@std@@V?$allocator@D@2@@2@PAUoldParamStruct@@PAX@Z 10005f30 f   BackwardsCompatibility.obj
 0001:00005b60       ?ReadRanges@@YAXABV?$basic_string@_WU?$char_traits@_W@std@@V?$allocator@_W@2@@std@@V?$basic_string@DU?$char_traits@D@std@@V?$allocator@D@2@@2@PAUoldParamStruct@@PAX@Z 10006b60 f   BackwardsCompatibility.obj
 0001:00006c10       ?GetOldIni@@YAXABV?$basic_string@_WU?$char_traits@_W@std@@V?$allocator@_W@2@@std@@V?$basic_string@DU?$char_traits@D@std@@V?$allocator@D@2@@2@PAUparamStruct@@PAX@Z 10007c10 f   BackwardsCompatibility.obj
 0001:000088a0       ??0oldParamStruct@@QAE@XZ  100098a0 f i BackwardsCompatibility.obj
 0001:000088f0       ??0oldParamLayers@@QAE@XZ  100098f0 f i BackwardsCompatibility.obj
 0001:00008b50       ??1oldParamLayers@@QAE@XZ  10009b50 f i BackwardsCompatibility.obj
 0001:00008d00       ??1peakStruct@@QAE@XZ      10009d00 f i BackwardsCompatibility.obj
 0001:00008d30       ??1bgStruct@@QAE@XZ        10009d30 f i BackwardsCompatibility.obj
 0001:00008e70       ?MapObjToStr@@YA?AV?$basic_string@DU?$char_traits@D@std@@V?$allocator@D@2@@std@@V12@@Z 10009e70 f   BackwardsCompatibility.obj
 0001:000090d0       ??$?6U?$char_traits@D@std@@@std@@YAAAV?$basic_ostream@DU?$char_traits@D@std@@@0@AAV10@PBD@Z 1000a0d0 f i BackwardsCompatibility.obj
 0001:00009300       ??$StringOf@H@@YA?AV?$basic_string@DU?$char_traits@D@std@@V?$allocator@D@2@@std@@ABH@Z 1000a300 f i BackwardsCompatibility.obj
 0001:00009440       ??$?HDU?$char_traits@D@std@@V?$allocator@D@1@@std@@YA?AV?$basic_string@DU?$char_traits@D@std@@V?$allocator@D@2@@0@ABV10@$$QAV10@@Z 1000a440 f i BackwardsCompatibility.obj
 0001:00009530       ??1?$vector@UParamCons@@V?$allocator@UParamCons@@@std@@@std@@QAE@XZ 1000a530 f i BackwardsCompatibility.obj
 0001:00009590       ?push_back@?$vector@_NV?$allocator@_N@std@@@std@@QAEXAB_N@Z 1000a590 f i BackwardsCompatibility.obj
 0001:000095e0       ?resize@?$vector@V?$vector@UParameter@@V?$allocator@UParameter@@@std@@@std@@V?$allocator@V?$vector@UParameter@@V?$allocator@UParameter@@@std@@@std@@@2@@std@@QAEXI@Z 1000a5e0 f i BackwardsCompatibility.obj
 0001:00009680       ??1?$vector@V?$vector@UParameter@@V?$allocator@UParameter@@@std@@@std@@V?$allocator@V?$vector@UParameter@@V?$allocator@UParameter@@@std@@@std@@@2@@std@@QAE@XZ 1000a680 f i BackwardsCompatibility.obj
 0001:00009690       ??1?$vector@UParameter@@V?$allocator@UParameter@@@std@@@std@@QAE@XZ 1000a690 f i BackwardsCompatibility.obj
 0001:000096a0       ??0?$vector@UParameter@@V?$allocator@UParameter@@@std@@@std@@QAE@ABV01@@Z 1000a6a0 f i BackwardsCompatibility.obj
 0001:00009740       ??1?$basic_string@_WU?$char_traits@_W@std@@V?$allocator@_W@2@@std@@QAE@XZ 1000a740 f i BackwardsCompatibility.obj
 0001:000097a0       ??1?$basic_string@DU?$char_traits@D@std@@V?$allocator@D@2@@std@@QAE@XZ 1000a7a0 f i BackwardsCompatibility.obj
 0001:000097f0       ??4?$basic_string@DU?$char_traits@D@std@@V?$allocator@D@2@@std@@QAEAAV01@$$QAV01@@Z 1000a7f0 f i BackwardsCompatibility.obj
 0001:00009870       ??0?$basic_string@DU?$char_traits@D@std@@V?$allocator@D@2@@std@@QAE@QBD@Z 1000a870 f i BackwardsCompatibility.obj
 0001:000098b0       ??0?$basic_string@DU?$char_traits@D@std@@V?$allocator@D@2@@std@@QAE@ABV01@@Z 1000a8b0 f i BackwardsCompatibility.obj
 0001:000099a0       ??0?$basic_stringstream@DU?$char_traits@D@std@@V?$allocator@D@2@@std@@QAE@XZ 1000a9a0 f i BackwardsCompatibility.obj
 0001:00009a60       ?seekpos@?$basic_stringbuf@DU?$char_traits@D@std@@V?$allocator@D@2@@std@@MAE?AV?$fpos@U_Mbstatet@@@2@V32@H@Z 1000aa60 f i BackwardsCompatibility.obj
 0001:00009ba0       ?seekoff@?$basic_stringbuf@DU?$char_traits@D@std@@V?$allocator@D@2@@std@@MAE?AV?$fpos@U_Mbstatet@@@2@_JHH@Z 1000aba0 f i BackwardsCompatibility.obj
 0001:00009d60       ?underflow@?$basic_stringbuf@DU?$char_traits@D@std@@V?$allocator@D@2@@std@@MAEHXZ 1000ad60 f i BackwardsCompatibility.obj
 0001:00009dc0       ?pbackfail@?$basic_stringbuf@DU?$char_traits@D@std@@V?$allocator@D@2@@std@@MAEHH@Z 1000adc0 f i BackwardsCompatibility.obj
 0001:00009e20       ?overflow@?$basic_stringbuf@DU?$char_traits@D@std@@V?$allocator@D@2@@std@@MAEHH@Z 1000ae20 f i BackwardsCompatibility.obj
 0001:0000a020       ??1?$basic_stringbuf@DU?$char_traits@D@std@@V?$allocator@D@2@@std@@UAE@XZ 1000b020 f i BackwardsCompatibility.obj
 0001:0000a100       ??_D?$basic_ostringstream@DU?$char_traits@D@std@@V?$allocator@D@2@@std@@QAEXXZ 1000b100 f i BackwardsCompatibility.obj
 0001:0000a140       ??_E?$basic_stringstream@DU?$char_traits@D@std@@V?$allocator@D@2@@std@@UAEPAXI@Z 1000b140 f i * CIL library *:* CIL module *
 0001:0000a140       ??_G?$basic_stringstream@DU?$char_traits@D@std@@V?$allocator@D@2@@std@@UAEPAXI@Z 1000b140 f i BackwardsCompatibility.obj
 0001:0000a1a0       ??_E?$basic_stringbuf@DU?$char_traits@D@std@@V?$allocator@D@2@@std@@UAEPAXI@Z 1000b1a0 f i * CIL library *:* CIL module *
 0001:0000a1a0       ??_G?$basic_stringbuf@DU?$char_traits@D@std@@V?$allocator@D@2@@std@@UAEPAXI@Z 1000b1a0 f i BackwardsCompatibility.obj
 0001:0000a1d0       ??$_Insert_string@DU?$char_traits@D@std@@I@std@@YAAAV?$basic_ostream@DU?$char_traits@D@std@@@0@AAV10@QBDI@Z 1000b1d0 f i BackwardsCompatibility.obj
 0001:0000a3c0       ??$_Assign_counted_range@PAV?$vector@UParameter@@V?$allocator@UParameter@@@std@@@std@@@?$vector@V?$vector@UParameter@@V?$allocator@UParameter@@@std@@@std@@V?$allocator@V?$vector@UParameter@@V?$allocator@UParameter@@@std@@@std@@@2@@std@@AAEXPAV?$vector@UParameter@@V?$allocator@UParameter@@@std@@@1@I@Z 1000b3c0 f i BackwardsCompatibility.obj
 0001:0000a640       ??$_Resize@U_Value_init_tag@std@@@?$vector@UParameter@@V?$allocator@UParameter@@@std@@@std@@AAEXIABU_Value_init_tag@1@@Z 1000b640 f i BackwardsCompatibility.obj
 0001:0000a740       ??$_Assign_counted_range@PAUParameter@@@?$vector@UParameter@@V?$allocator@UParameter@@@std@@@std@@AAEXPAUParameter@@I@Z 1000b740 f i BackwardsCompatibility.obj
 0001:0000a8e0       ??$_Emplace_one_at_back@ABUParameter@@@?$vector@UParameter@@V?$allocator@UParameter@@@std@@@std@@AAEAAUParameter@@ABU2@@Z 1000b8e0 f i BackwardsCompatibility.obj
 0001:0000aa20       ??$_Traits_find_last_of@U?$char_traits@_W@std@@@std@@YAIQB_WII0I@Z 1000ba20 f i BackwardsCompatibility.obj
 0001:0000ab30       ??$_Construct@$00PBD@?$basic_string@DU?$char_traits@D@std@@V?$allocator@D@2@@std@@AAEXQBDI@Z 1000bb30 f i BackwardsCompatibility.obj
 0001:0000ac10       ?_Tidy@?$vector@V?$vector@UParameter@@V?$allocator@UParameter@@@std@@@std@@V?$allocator@V?$vector@UParameter@@V?$allocator@UParameter@@@std@@@std@@@2@@std@@AAEXXZ 1000bc10 f i BackwardsCompatibility.obj
 0001:0000ac90       ?_Tidy@?$vector@UParameter@@V?$allocator@UParameter@@@std@@@std@@AAEXXZ 1000bc90 f i BackwardsCompatibility.obj
 0001:0000ad00       ??1sentry@?$basic_ostream@DU?$char_traits@D@std@@@std@@QAE@XZ 1000bd00 f i BackwardsCompatibility.obj
 0001:0000ad70       ?copy@?$_Char_traits@DH@std@@SAPADQADQBDI@Z 1000bd70 f i BackwardsCompatibility.obj
 0001:0000ad90       ?str@?$basic_stringbuf@DU?$char_traits@D@std@@V?$allocator@D@2@@std@@QBE?AV?$basic_string@DU?$char_traits@D@std@@V?$allocator@D@2@@2@XZ 1000bd90 f i BackwardsCompatibility.obj
 0001:0000ae50       ??_E?$basic_ostringstream@DU?$char_traits@D@std@@V?$allocator@D@2@@std@@UAEPAXI@Z 1000be50 f i * CIL library *:* CIL module *
 0001:0000ae50       ??_G?$basic_ostringstream@DU?$char_traits@D@std@@V?$allocator@D@2@@std@@UAEPAXI@Z 1000be50 f i BackwardsCompatibility.obj
 0001:0000aeb0       ??$_Emplace_reallocate@D@?$vector@DV?$allocator@D@std@@@std@@AAEPADQAD$$QAD@Z 1000beb0 f i BackwardsCompatibility.obj
 0001:0000aff0       ??$_Resize_reallocate@U_Value_init_tag@std@@@?$vector@V?$vector@UParameter@@V?$allocator@UParameter@@@std@@@std@@V?$allocator@V?$vector@UParameter@@V?$allocator@UParameter@@@std@@@std@@@2@@std@@AAEXIABU_Value_init_tag@1@@Z 1000bff0 f i BackwardsCompatibility.obj
 0001:0000b1b0       ??$_Reallocate_grow_by@V<lambda_4595b5d501f63a453f7d9811651d1e47>@@IPB_WI@?$basic_string@_WU?$char_traits@_W@std@@V?$allocator@_W@2@@std@@AAEAAV01@IV<lambda_4595b5d501f63a453f7d9811651d1e47>@@IPB_WI@Z 1000c1b0 f i BackwardsCompatibility.obj
 0001:0000b300       ??$_Reallocate_grow_by@V<lambda_a9bd3a59b3871b9d5d7628d164e8bc3b>@@PB_WI@?$basic_string@_WU?$char_traits@_W@std@@V?$allocator@_W@2@@std@@AAEAAV01@IV<lambda_a9bd3a59b3871b9d5d7628d164e8bc3b>@@PB_WI@Z 1000c300 f i BackwardsCompatibility.obj
 0001:0000b430       ??$_Allocate_for_capacity@$0A@@?$basic_string@_WU?$char_traits@_W@std@@V?$allocator@_W@2@@std@@CAPA_WAAV?$allocator@_W@1@AAI@Z 1000c430 f i BackwardsCompatibility.obj
 0001:0000b490       ??$_Assign@D@?$basic_string@DU?$char_traits@D@std@@V?$allocator@D@2@@std@@AAEAAV01@QBDI@Z 1000c490 f i BackwardsCompatibility.obj
 0001:0000b5c0       ?_Insert_n@?$vector@_NV?$allocator@_N@std@@@std@@QAE?AV?$_Vb_iterator@U?$_Wrap_alloc@V?$allocator@I@std@@@std@@@2@V?$_Vb_const_iterator@U?$_Wrap_alloc@V?$allocator@I@std@@@std@@@2@IAB_N@Z 1000c5c0 f i BackwardsCompatibility.obj
 0001:0000b6d0       ??1?$_Tidy_guard@V?$vector@V?$vector@UParameter@@V?$allocator@UParameter@@@std@@@std@@V?$allocator@V?$vector@UParameter@@V?$allocator@UParameter@@@std@@@std@@@2@@std@@@std@@QAE@XZ 1000c6d0 f i BackwardsCompatibility.obj
 0001:0000b6e0       ??1_Sentry_base@?$basic_istream@DU?$char_traits@D@std@@@std@@QAE@XZ 1000c6e0 f i filemgt.obj
 0001:0000b6e0       ??1_Sentry_base@?$basic_ostream@DU?$char_traits@D@std@@@std@@QAE@XZ 1000c6e0 f i BackwardsCompatibility.obj
 0001:0000b730       ??$_Allocate_at_least_helper@V?$allocator@UParameter@@@std@@@std@@YAPAUParameter@@AAV?$allocator@UParameter@@@0@AAI@Z 1000c730 f i BackwardsCompatibility.obj
 0001:0000b790       ??$_Reallocate_grow_by@V<lambda_532b274ec7ec693e2ba947c6f40e1102>@@IPBDI@?$basic_string@DU?$char_traits@D@std@@V?$allocator@D@2@@std@@AAEAAV01@IV<lambda_532b274ec7ec693e2ba947c6f40e1102>@@IPBDI@Z 1000c790 f i BackwardsCompatibility.obj
 0001:0000b8e0       ??1?$_Uninitialized_backout_al@V?$allocator@V?$vector@UParameter@@V?$allocator@UParameter@@@std@@@std@@@std@@@std@@QAE@XZ 1000c8e0 f i BackwardsCompatibility.obj
 0001:0000b910       ??Y?$_Vb_iterator@U?$_Wrap_alloc@V?$allocator@I@std@@@std@@@std@@QAEAAV01@H@Z 1000c910 f i BackwardsCompatibility.obj
 0001:0000b970       ?_Insert_x@?$vector@_NV?$allocator@_N@std@@@std@@QAEIV?$_Vb_const_iterator@U?$_Wrap_alloc@V?$allocator@I@std@@@std@@@2@I@Z 1000c970 f i BackwardsCompatibility.obj
 0001:0000baf0       ?_Buy_raw@?$vector@V?$vector@UParameter@@V?$allocator@UParameter@@@std@@@std@@V?$allocator@V?$vector@UParameter@@V?$allocator@UParameter@@@std@@@std@@@2@@std@@AAEXI@Z 1000caf0 f i BackwardsCompatibility.obj
 0001:0000bb80       ?_Change_array@?$vector@UParameter@@V?$allocator@UParameter@@@std@@@std@@AAEXQAUParameter@@II@Z 1000cb80 f i BackwardsCompatibility.obj
 0001:0000bc10       ?_Xran@?$_String_val@U?$_Simple_types@D@std@@@std@@SAXXZ 1000cc10 f i BackwardsCompatibility.obj
 0001:0000bc10       ?_Xran@?$_String_val@U?$_Simple_types@_W@std@@@std@@SAXXZ 1000cc10 f i BackwardsCompatibility.obj
 0001:0000bc20       ??$construct@UParameter@@$$V@?$_Default_allocator_traits@V?$allocator@UParameter@@@std@@@std@@SAXAAV?$allocator@UParameter@@@1@QAUParameter@@@Z 1000cc20 f i BackwardsCompatibility.obj
 0001:0000bc60       ?_Xlen@?$vector@_NV?$allocator@_N@std@@@std@@SAXXZ 1000cc60 f i BackwardsCompatibility.obj
 0001:0000bc70       ??$_Resize_reallocate@I@?$vector@IV?$allocator@I@std@@@std@@AAEXIABI@Z 1000cc70 f i BackwardsCompatibility.obj
 0001:0000bdd0       ?innerSize@?$DenseBase@V?$Matrix@H$0?0$0?0$0A@$0?0$0?0@Eigen@@@Eigen@@QBEHXZ 1000cdd0 f i structurefitting.obj
 0001:0000bdd0       ?innerSize@?$DenseBase@V?$Matrix@N$0?0$0?0$0A@$0?0$0?0@Eigen@@@Eigen@@QBEHXZ 1000cdd0 f i BackwardsCompatibility.obj
 0001:0000bdd4       ??_E?$basic_stringstream@DU?$char_traits@D@std@@V?$allocator@D@2@@std@@$4PPPPPPPM@A@AEPAXI@Z 1000cdd4 f i BackwardsCompatibility.obj
 0001:0000bddc       ??_E?$basic_ostringstream@DU?$char_traits@D@std@@V?$allocator@D@2@@std@@$4PPPPPPPM@A@AEPAXI@Z 1000cddc f i BackwardsCompatibility.obj
 0001:0000bdf0       ??0ConsStruct@@QAE@H@Z     1000cdf0 f i bgfitting.obj
 0001:0000bf60       ??0ModelFitter@@QAE@PAVModel@@ABV?$vector@NV?$allocator@N@std@@@std@@1111AAV?$Matrix@N$0?0$00$0A@$0?0$00@Eigen@@ABV?$Matrix@H$0?0$00$0A@$0?0$00@5@PAUConsStruct@@4AAV23@5H@Z 1000cf60 f i bgfitting.obj
 0001:0000c100       ??1ModelFitter@@UAE@XZ     1000d100 f i bgfitting.obj
 0001:0000c170       ?GetResult@ModelFitter@@UBE?AV?$Matrix@N$0?0$00$0A@$0?0$00@Eigen@@XZ 1000d170 f i bgfitting.obj
 0001:0000c1b0       ?GetInterimRes@ModelFitter@@UAE?AV?$Matrix@N$0?0$00$0A@$0?0$00@Eigen@@XZ 1000d1b0 f i bgfitting.obj
 0001:0000c1f0       ??_EModelFitter@@UAEPAXI@Z 1000d1f0 f i * CIL library *:* CIL module *
 0001:0000c1f0       ??_GModelFitter@@UAEPAXI@Z 1000d1f0 f i bgfitting.obj
 0001:0000c220       ??0LMFitter@@QAE@PAVModel@@ABV?$vector@NV?$allocator@N@std@@@std@@1111AAV?$Matrix@N$0?0$00$0A@$0?0$00@Eigen@@ABV?$Matrix@H$0?0$00$0A@$0?0$00@5@PAUConsStruct@@4AAV23@5H@Z 1000d220 f i bgfitting.obj
 0001:0000c3c0       ??1LMFitter@@UAE@XZ        1000d3c0 f i bgfitting.obj
 0001:0000c410       ??_ELMFitter@@UAEPAXI@Z    1000d410 f i * CIL library *:* CIL module *
 0001:0000c410       ??_GLMFitter@@UAEPAXI@Z    1000d410 f i bgfitting.obj
 0001:0000c470       ??0DEFitter@@QAE@PAVModel@@ABV?$vector@NV?$allocator@N@std@@@std@@1111AAV?$Matrix@N$0?0$00$0A@$0?0$00@Eigen@@ABV?$Matrix@H$0?0$00$0A@$0?0$00@5@PAUConsStruct@@4AAV23@5H@Z 1000d470 f i bgfitting.obj
 0001:0000c920       ?FitIteration@DEFitter@@UAENXZ 1000d920 f i bgfitting.obj
 0001:0000c930       ?GetResult@DEFitter@@UBE?AV?$Matrix@N$0?0$00$0A@$0?0$00@Eigen@@XZ 1000d930 f i bgfitting.obj
 0001:0000c970       ??_EDEFitter@@UAEPAXI@Z    1000d970 f i * CIL library *:* CIL module *
 0001:0000c970       ??_GDEFitter@@UAEPAXI@Z    1000d970 f i bgfitting.obj
 0001:0000c9c0       ??1ConsStruct@@QAE@XZ      1000d9c0 f i bgfitting.obj
 0001:0000ca10       ?BackgroundIntensity@@YANNAAV?$Matrix@N$0?0$00$0A@$0?0$00@Eigen@@HH@Z 1000da10 f   bgfitting.obj
 0001:0000caf0       ?GenerateBackground@@YA_NV?$vector@NV?$allocator@N@std@@@std@@AAV12@PAUbgStruct@@@Z 1000daf0 f   bgfitting.obj
 0001:0000cc10       ?GenerateBackgroundU@@YA_NV?$vector@NV?$allocator@N@std@@@std@@AAV12@ABV12@PAUbgStruct@@P6AX22@ZPAHP6AXH@Z@Z 1000dc10 f   bgfitting.obj
 0001:0000d000       ?FitBackground@@YA_NV?$vector@NV?$allocator@N@std@@@std@@0AAV12@ABV12@ABV?$vector@_NV?$allocator@_N@std@@@2@PAUbgStruct@@11@Z 1000e000 f   bgfitting.obj
 0001:0000d130       ?FitBackgroundU@@YA_NV?$vector@NV?$allocator@N@std@@@std@@0AAV12@ABV12@ABV?$vector@_NV?$allocator@_N@std@@@2@PAUbgStruct@@11P6AX22@ZPAHP6AXH@Z@Z 1000e130 f   bgfitting.obj
 0001:0000e010       ?_Xran@?$vector@_NV?$allocator@_N@std@@@std@@SAXXZ 1000f010 f i bgfitting.obj
 0001:0000e020       ??0ExtraParam@@QAE@V?$basic_string@DU?$char_traits@D@std@@V?$allocator@D@2@@std@@N_N11NN1H@Z 1000f020 f i CylindricalModels.obj
 0001:0000e100       ??0CylindricalModel@@QAE@HV?$basic_string@DU?$char_traits@D@std@@V?$allocator@D@2@@std@@W4ProfileShape@@H@Z 1000f100 f   CylindricalModels.obj
 0001:0000e240       ??_ECylindricalModel@@UAEPAXI@Z 1000f240 f i * CIL library *:* CIL module *
 0001:0000e240       ??_EUniformHCModel@@UAEPAXI@Z 1000f240 f i * CIL library *:* CIL module *
 0001:0000e240       ??_GCylindricalModel@@UAEPAXI@Z 1000f240 f i CylindricalModels.obj
 0001:0000e240       ??_GUniformHCModel@@UAEPAXI@Z 1000f240 f i CylindricalModels.obj
 0001:0000e270       ??1CylindricalModel@@UAE@XZ 1000f270 f i CylindricalModels.obj
 0001:0000e2e0       ?GetExtraParameter@CylindricalModel@@UAE?AUExtraParam@@H@Z 1000f2e0 f   CylindricalModels.obj
 0001:0000e360       ??1ExtraParam@@QAE@XZ      1000f360 f i CylindricalModels.obj
 0001:0000e3b0       ?GetNumRelatedModels@CylindricalModel@@UAEHXZ 1000f3b0 f   CylindricalModels.obj
 0001:0000e3b0       ?GetNumRelatedModels@Cylindroid@@UAEHXZ 1000f3b0 f   CylindricalModels.obj
 0001:0000e3c0       ?GetRelatedModelName@CylindricalModel@@UAE?AV?$basic_string@DU?$char_traits@D@std@@V?$allocator@D@2@@std@@H@Z 1000f3c0 f   CylindricalModels.obj
 0001:0000e4c0       ?CreateRelatedModel@CylindricalModel@@UAEPAVModel@@H@Z 1000f4c0 f   CylindricalModels.obj
 0001:0000e560       ?DrawOpenGLPreview@CylindricalModel@@UAEXABUparamStruct@@@Z 1000f560 f   CylindricalModels.obj
 0001:0000e6b0       ?DrawPreviewScene@CylindricalModel@@UAEXXZ 1000f6b0 f   CylindricalModels.obj
 0001:0000e700       ?OrganizeParameters@CylindricalModel@@UAEXABV?$Matrix@N$0?0$00$0A@$0?0$00@Eigen@@H@Z 1000f700 f   CylindricalModels.obj
 0001:0000e8c0       ??0UniformHCModel@@QAE@H@Z 1000f8c0 f   CylindricalModels.obj
 0001:0000e950       ?PreCalculate@GaussianSlabModel@@UAEXAAV?$Matrix@N$0?0$00$0A@$0?0$00@Eigen@@H@Z 1000f950 f   SlabModels.obj
 0001:0000e950       ?PreCalculate@GaussianSphereModel@@UAEXAAV?$Matrix@N$0?0$00$0A@$0?0$00@Eigen@@H@Z 1000f950 f   SphericalModels.obj
 0001:0000e950       ?PreCalculate@MicroemulsionModel@@UAEXAAV?$Matrix@N$0?0$00$0A@$0?0$00@Eigen@@H@Z 1000f950 f   OtherModels.obj
 0001:0000e950       ?PreCalculate@UniformHCModel@@UAEXAAV?$Matrix@N$0?0$00$0A@$0?0$00@Eigen@@H@Z 1000f950 f   CylindricalModels.obj
 0001:0000e950       ?PreCalculate@UniformSlabModel@@UAEXAAV?$Matrix@N$0?0$00$0A@$0?0$00@Eigen@@H@Z 1000f950 f   SlabModels.obj
 0001:0000e950       ?PreCalculate@UniformSphereModel@@UAEXAAV?$Matrix@N$0?0$00$0A@$0?0$00@Eigen@@H@Z 1000f950 f   SphericalModels.obj
 0001:0000e960       ?OrganizeParameters@UniformHCModel@@UAEXABV?$Matrix@N$0?0$00$0A@$0?0$00@Eigen@@H@Z 1000f960 f   CylindricalModels.obj
 0001:0000e9a0       ?Calculate@UniformHCModel@@MAENNHAAV?$Matrix@N$0?0$00$0A@$0?0$00@Eigen@@@Z 1000f9a0 f   CylindricalModels.obj
 0001:0000ed90       ?CalculateFF@CuboidModel@@UAE?AV?$complex@N@std@@V?$Matrix@N$02$00$0A@$02$00@Eigen@@HNNAAV?$Matrix@N$0?0$00$0A@$0?0$00@5@@Z 1000fd90 f   SlabModels.obj
 0001:0000ed90       ?CalculateFF@Cylindroid@@UAE?AV?$complex@N@std@@V?$Matrix@N$02$00$0A@$02$00@Eigen@@HNNAAV?$Matrix@N$0?0$00$0A@$0?0$00@5@@Z 1000fd90 f   CylindricalModels.obj
 0001:0000ed90       ?CalculateFF@DelixModel@@UAE?AV?$complex@N@std@@V?$Matrix@N$02$00$0A@$02$00@Eigen@@HNNAAV?$Matrix@N$0?0$00$0A@$0?0$00@5@@Z 1000fd90 f   HelicalModels.obj
 0001:0000ed90       ?CalculateFF@GaussianHCModel@@UAE?AV?$complex@N@std@@V?$Matrix@N$02$00$0A@$02$00@Eigen@@HNNAAV?$Matrix@N$0?0$00$0A@$0?0$00@5@@Z 1000fd90 f   CylindricalModels.obj
 0001:0000ed90       ?CalculateFF@MicroemulsionModel@@UAE?AV?$complex@N@std@@V?$Matrix@N$02$00$0A@$02$00@Eigen@@HNNAAV?$Matrix@N$0?0$00$0A@$0?0$00@5@@Z 1000fd90 f   OtherModels.obj
 0001:0000ed90       ?CalculateFF@UniformHCModel@@UAE?AV?$complex@N@std@@V?$Matrix@N$02$00$0A@$02$00@Eigen@@HNNAAV?$Matrix@N$0?0$00$0A@$0?0$00@5@@Z 1000fd90 f   CylindricalModels.obj
 0001:0000edb0       ??0GaussianHCModel@@QAE@HH@Z 1000fdb0 f   CylindricalModels.obj
 0001:0000ee80       ??_EGaussianHCModel@@UAEPAXI@Z 1000fe80 f i * CIL library *:* CIL module *
 0001:0000ee80       ??_GGaussianHCModel@@UAEPAXI@Z 1000fe80 f i CylindricalModels.obj
 0001:0000ef00       ?IsSlow@GaussianHCModel@@UAE_NXZ 1000ff00 f   CylindricalModels.obj
 0001:0000ef00       ?IsSlow@HelixModel@@UAE_NXZ 1000ff00 f   HelicalModels.obj
 0001:0000ef20       ?OrganizeParameters@GaussianHCModel@@UAEXABV?$Matrix@N$0?0$00$0A@$0?0$00@Eigen@@H@Z 1000ff20 f   CylindricalModels.obj
 0001:0000f040       ?PreCalculate@GaussianHCModel@@UAEXAAV?$Matrix@N$0?0$00$0A@$0?0$00@Eigen@@H@Z 10010040 f   CylindricalModels.obj
 0001:0000f1d0       ?Calculate@GaussianHCModel@@MAENNHAAV?$Matrix@N$0?0$00$0A@$0?0$00@Eigen@@@Z 100101d0 f   CylindricalModels.obj
 0001:0000f2a0       ?GetLayerParamName@GaussianHCModel@@UAE?AV?$basic_string@DU?$char_traits@D@std@@V?$allocator@D@2@@std@@H@Z 100102a0 f   CylindricalModels.obj
 0001:0000f330       ?IsParamApplicable@GaussianHCModel@@UAE_NHH@Z 10010330 f   CylindricalModels.obj
 0001:0000f350       ??0Cylindroid@@QAE@HV?$basic_string@DU?$char_traits@D@std@@V?$allocator@D@2@@std@@W4ProfileShape@@H@Z 10010350 f   CylindricalModels.obj
 0001:0000f500       ??_ECylindroid@@UAEPAXI@Z  10010500 f i * CIL library *:* CIL module *
 0001:0000f500       ??_ECylindroidVaryingEcc@@UAEPAXI@Z 10010500 f i * CIL library *:* CIL module *
 0001:0000f500       ??_GCylindroid@@UAEPAXI@Z  10010500 f i CylindricalModels.obj
 0001:0000f500       ??_GCylindroidVaryingEcc@@UAEPAXI@Z 10010500 f i CylindricalModels.obj
 0001:0000f530       ??1Cylindroid@@UAE@XZ      10010530 f i CylindricalModels.obj
 0001:0000f640       ?GetExtraParameter@Cylindroid@@UAE?AUExtraParam@@H@Z 10010640 f   CylindricalModels.obj
 0001:0000f750       ?OrganizeParameters@Cylindroid@@UAEXABV?$Matrix@N$0?0$00$0A@$0?0$00@Eigen@@H@Z 10010750 f   CylindricalModels.obj
 0001:0000f9a0       ?PreCalculate@Cylindroid@@UAEXAAV?$Matrix@N$0?0$00$0A@$0?0$00@Eigen@@H@Z 100109a0 f   CylindricalModels.obj
 0001:0000fc20       ?GetRelatedModelName@Cylindroid@@UAE?AV?$basic_string@DU?$char_traits@D@std@@V?$allocator@D@2@@std@@H@Z 10010c20 f   CylindricalModels.obj
 0001:0000fd40       ?CreateRelatedModel@Cylindroid@@UAEPAVModel@@H@Z 10010d40 f   CylindricalModels.obj
 0001:0000ff10       ?DrawOpenGLPreview@Cylindroid@@UAEXABUparamStruct@@@Z 10010f10 f   CylindricalModels.obj
 0001:00010050       ?DrawPreviewScene@Cylindroid@@UAEXXZ 10011050 f   CylindricalModels.obj
 0001:000100c0       ?Calculate@Cylindroid@@MAENNHAAV?$Matrix@N$0?0$00$0A@$0?0$00@Eigen@@@Z 100110c0 f   CylindricalModels.obj
 0001:000101e0       ?HasSpecializedSF@SlabModel@@UAE_NXZ 100111e0 f   SlabModels.obj
 0001:000101e0       ?IsLayerBased@Model@@UAE_NXZ 100111e0 f   Model.obj
 0001:000101e0       ?IsSlow@CuboidModel@@UAE_NXZ 100111e0 f   SlabModels.obj
 0001:000101e0       ?IsSlow@Cylindroid@@UAE_NXZ 100111e0 f   CylindricalModels.obj
 0001:000101e0       ?IsSlow@DelixModel@@UAE_NXZ 100111e0 f   HelicalModels.obj
 0001:000101e0       ___acrt_initialize         100111e0 f   MSVCRT:ucrt_stubs.obj
 0001:000101e0       ___acrt_thread_attach      100111e0 f   MSVCRT:ucrt_stubs.obj
 0001:000101e0       ___acrt_thread_detach      100111e0 f   MSVCRT:ucrt_stubs.obj
 0001:000101e0       ___acrt_uninitialize       100111e0 f   MSVCRT:ucrt_stubs.obj
 0001:000101e0       ___acrt_uninitialize_critical 100111e0 f   MSVCRT:ucrt_stubs.obj
 0001:000101e0       ___scrt_stub_for_acrt_initialize 100111e0 f   MSVCRT:ucrt_stubs.obj
 0001:000101e0       ___scrt_stub_for_acrt_thread_attach 100111e0 f   MSVCRT:ucrt_stubs.obj
 0001:000101e0       ___scrt_stub_for_acrt_thread_detach 100111e0 f   MSVCRT:ucrt_stubs.obj
 0001:000101e0       ___scrt_stub_for_acrt_uninitialize 100111e0 f   MSVCRT:ucrt_stubs.obj
 0001:000101e0       ___scrt_stub_for_acrt_uninitialize_critical 100111e0 f   MSVCRT:ucrt_stubs.obj
 0001:000101e0       ___vcrt_initialize         100111e0 f   MSVCRT:ucrt_stubs.obj
 0001:000101e0       ___vcrt_thread_attach      100111e0 f   MSVCRT:ucrt_stubs.obj
 0001:000101e0       ___vcrt_thread_detach      100111e0 f   MSVCRT:ucrt_stubs.obj
 0001:000101e0       ___vcrt_uninitialize       100111e0 f   MSVCRT:ucrt_stubs.obj
 0001:000101e0       ___vcrt_uninitialize_critical 100111e0 f   MSVCRT:ucrt_stubs.obj
 0001:000101f0       ?PreCalculate@CylindroidVaryingEcc@@UAEXAAV?$Matrix@N$0?0$00$0A@$0?0$00@Eigen@@H@Z 100111f0 f   CylindricalModels.obj
 0001:00010290       ??$_Mul@N@?$_Complex_base@NU_C_double_complex@@@std@@IAEXABV?$complex@N@1@@Z 10011290 f i CylindricalModels.obj
 0001:000102e0       ??$?KN@std@@YA?AV?$complex@N@0@ABNABV10@@Z 100112e0 f i CylindricalModels.obj
 0001:000104b0       ??$exp@N@std@@YA?AV?$complex@N@0@ABV10@@Z 100114b0 f i CylindricalModels.obj
 0001:000105f0       ??$_Polar_positive_nan_inf_zero_rho@N@std@@YA?AV?$complex@N@0@ABN0@Z 100115f0 f i CylindricalModels.obj
 0001:00010700       _GetNumModels              10011700 f   DefaultModels.obj
 0001:00010710       _GetModelName              10011710 f   DefaultModels.obj
 0001:00010b00       _GetModel                  10011b00 f   DefaultModels.obj
 0001:000110c0       ?EnergyFunction@DEModelSolver@@UAENAAV?$Matrix@N$0?0$00$0A@$0?0$00@Eigen@@@Z 100120c0 f   DEFitting.obj
 0001:00011370       ??0DESolver@@QAE@HHAAV?$Matrix@N$0?0$00$0A@$0?0$00@Eigen@@@Z 10012370 f   DESolver.obj
 0001:000116f0       ??1DESolver@@QAE@XZ        100126f0 f   DESolver.obj
 0001:00011770       ?Setup@DESolver@@QAEXABV?$Matrix@N$0?0$00$0A@$0?0$00@Eigen@@0HNN@Z 10012770 f   DESolver.obj
 0001:000118f0       ?Solve@DESolver@@UAE_NH@Z  100128f0 f   DESolver.obj
 0001:00011bc0       ?IncrementalSolveBegin@DESolver@@UAEXXZ 10012bc0 f   DESolver.obj
 0001:00011d40       ?IncrementalSolveGeneration@DESolver@@UAENXZ 10012d40 f   DESolver.obj
 0001:00011fd0       ?Best1Exp@DESolver@@AAEXH@Z 10012fd0 f   DESolver.obj
 0001:000121c0       ?Rand1Exp@DESolver@@AAEXH@Z 100131c0 f   DESolver.obj
 0001:00012400       ?RandToBest1Exp@DESolver@@AAEXH@Z 10013400 f   DESolver.obj
 0001:00012610       ?Best2Exp@DESolver@@AAEXH@Z 10013610 f   DESolver.obj
 0001:000128a0       ?Rand2Exp@DESolver@@AAEXH@Z 100138a0 f   DESolver.obj
 0001:00012b60       ?Best1Bin@DESolver@@AAEXH@Z 10013b60 f   DESolver.obj
 0001:00012d50       ?Rand1Bin@DESolver@@AAEXH@Z 10013d50 f   DESolver.obj
 0001:00012fa0       ?RandToBest1Bin@DESolver@@AAEXH@Z 10013fa0 f   DESolver.obj
 0001:000131b0       ?Best2Bin@DESolver@@AAEXH@Z 100141b0 f   DESolver.obj
 0001:00013450       ?Rand2Bin@DESolver@@AAEXH@Z 10014450 f   DESolver.obj
 0001:00013720       ?RandomUniform@DESolver@@IAENNN@Z 10014720 f   DESolver.obj
 0001:00013880       ?_Throw_tree_length_error@std@@YAXXZ 10014880 f i EDProfile.obj
 0001:00013890       ?GetNumBaseModels@PolydisperseModel@@UAEHXZ 10014890 f i Model.obj
 0001:00013890       ?GetNumEDParams@GaussianED@@UAEHXZ 10014890 f i EDProfile.obj
 0001:00013890       ?GetNumEDParams@TanhED@@UAEHXZ 10014890 f i EDProfile.obj
 0001:00013890       __get_startup_argv_mode    10014890 f i MSVCRT:argv_mode.obj
 0001:000138a0       ??_EGaussianED@@UAEPAXI@Z  100148a0 f i * CIL library *:* CIL module *
 0001:000138a0       ??_ETanhED@@UAEPAXI@Z      100148a0 f i * CIL library *:* CIL module *
 0001:000138a0       ??_GGaussianED@@UAEPAXI@Z  100148a0 f i EDProfile.obj
 0001:000138a0       ??_GTanhED@@UAEPAXI@Z      100148a0 f i EDProfile.obj
 0001:000138e0       ?Subdivide@EDPFunction@@IAENNNAAV?$map@NNU?$less@N@std@@V?$allocator@U?$pair@$$CBNN@std@@@2@@std@@NH@Z 100148e0 f   EDProfile.obj
 0001:00013b60       ?MakeSteps@EDPFunction@@UAE?AV?$Matrix@N$0?0$0?0$0A@$0?0$0?0@Eigen@@NNNAAN@Z 10014b60 f   EDProfile.obj
 0001:000146f0       ??1?$map@NNU?$less@N@std@@V?$allocator@U?$pair@$$CBNN@std@@@2@@std@@QAE@XZ 100156f0 f i EDProfile.obj
 0001:00014700       ?ComputeParamVector@EDPFunction@@UAE?AV?$Matrix@N$0?0$00$0A@$0?0$00@Eigen@@PAVModel@@ABV23@ABV?$vector@NV?$allocator@N@std@@@std@@HAAH@Z 10015700 f   EDProfile.obj
 0001:00014a30       ?GetLowerLimit@EDPFunction@@UAENXZ 10015a30 f   EDProfile.obj
 0001:00014a40       ?GetUpperLimit@EDPFunction@@UAENXZ 10015a40 f   EDProfile.obj
 0001:00014aa0       ?Evaluate@GaussianED@@UAENN@Z 10015aa0 f   EDProfile.obj
 0001:00014da0       ?GetEDParamName@GaussianED@@UAE?AV?$basic_string@DU?$char_traits@D@std@@V?$allocator@D@2@@std@@H@Z 10015da0 f   EDProfile.obj
 0001:00014e10       ?GetUpperLimit@GaussianED@@UAENXZ 10015e10 f   EDProfile.obj
 0001:000150e0       ?ProfileFromShape@@YAPAVEDPFunction@@W4ProfileShape@@ABV?$Matrix@N$0?0$0?0$0A@$0?0$0?0@Eigen@@@Z 100160e0 f   EDProfile.obj
 0001:00015230       ?Evaluate@TanhED@@UAENN@Z  10016230 f   EDProfile.obj
 0001:000155b0       ?GetEDParamName@TanhED@@UAE?AV?$basic_string@DU?$char_traits@D@std@@V?$allocator@D@2@@std@@H@Z 100165b0 f   EDProfile.obj
 0001:00015620       ?GetUpperLimit@TanhED@@UAENXZ 10016620 f   EDProfile.obj
 0001:00015890       ??1?$_Tree@V?$_Tmap_traits@NNU?$less@N@std@@V?$allocator@U?$pair@$$CBNN@std@@@2@$0A@@std@@@std@@QAE@XZ 10016890 f i EDProfile.obj
 0001:000158d0       ??A?$map@NNU?$less@N@std@@V?$allocator@U?$pair@$$CBNN@std@@@2@@std@@QAEAANABN@Z 100168d0 f i EDProfile.obj
 0001:00015990       ??$_Find_lower_bound@N@?$_Tree@V?$_Tmap_traits@NNU?$less@N@std@@V?$allocator@U?$pair@$$CBNN@std@@@2@$0A@@std@@@std@@IBE?AU?$_Tree_find_result@PAU?$_Tree_node@U?$pair@$$CBNN@std@@PAX@std@@@1@ABN@Z 10016990 f i EDProfile.obj
 0001:000159e0       ??$_Erase_tree@V?$allocator@U?$_Tree_node@U?$pair@$$CBNN@std@@PAX@std@@@std@@@?$_Tree_val@U?$_Tree_simple_types@U?$pair@$$CBNN@std@@@std@@@std@@QAEXAAV?$allocator@U?$_Tree_node@U?$pair@$$CBNN@std@@PAX@std@@@1@PAU?$_Tree_node@U?$pair@$$CBNN@std@@PAX@1@@Z 100169e0 f i EDProfile.obj
 0001:000159e0       ??$_Erase_tree@V?$allocator@U?$_Tree_node@U?$pair@$$CBUEntry@?$CSimpleIniTempl@DU?$SI_NoCase@D@@V?$SI_ConvertA@D@@@@PBD@std@@PAX@std@@@std@@@?$_Tree_val@U?$_Tree_simple_types@U?$pair@$$CBUEntry@?$CSimpleIniTempl@DU?$SI_NoCase@D@@V?$SI_ConvertA@D@@@@PBD@std@@@std@@@std@@QAEXAAV?$allocator@U?$_Tree_node@U?$pair@$$CBUEntry@?$CSimpleIniTempl@DU?$SI_NoCase@D@@V?$SI_ConvertA@D@@@@PBD@std@@PAX@std@@@1@PAU?$_Tree_node@U?$pair@$$CBUEntry@?$CSimpleIniTempl@DU?$SI_NoCase@D@@V?$SI_ConvertA@D@@@@PBD@std@@PAX@1@@Z 100169e0 f i inimgt.obj
 0001:000159e0       ??$_Erase_tree_and_orphan@V?$allocator@U?$_Tree_node@U?$pair@$$CBUEntry@?$CSimpleIniTempl@DU?$SI_NoCase@D@@V?$SI_ConvertA@D@@@@PBD@std@@PAX@std@@@std@@@?$_Tree_val@U?$_Tree_simple_types@U?$pair@$$CBUEntry@?$CSimpleIniTempl@DU?$SI_NoCase@D@@V?$SI_ConvertA@D@@@@PBD@std@@@std@@@std@@QAEXAAV?$allocator@U?$_Tree_node@U?$pair@$$CBUEntry@?$CSimpleIniTempl@DU?$SI_NoCase@D@@V?$SI_ConvertA@D@@@@PBD@std@@PAX@std@@@1@PAU?$_Tree_node@U?$pair@$$CBUEntry@?$CSimpleIniTempl@DU?$SI_NoCase@D@@V?$SI_ConvertA@D@@@@PBD@std@@PAX@1@@Z 100169e0 f i inimgt.obj
 0001:00015a20       ?_Insert_node@?$_Tree_val@U?$_Tree_simple_types@U?$pair@$$CBNN@std@@@std@@@std@@QAEPAU?$_Tree_node@U?$pair@$$CBNN@std@@PAX@2@U?$_Tree_id@PAU?$_Tree_node@U?$pair@$$CBNN@std@@PAX@std@@@2@QAU32@@Z 10016a20 f i EDProfile.obj
 0001:00015a20       ?_Insert_node@?$_Tree_val@U?$_Tree_simple_types@U?$pair@$$CBUEntry@?$CSimpleIniTempl@DU?$SI_NoCase@D@@V?$SI_ConvertA@D@@@@PBD@std@@@std@@@std@@QAEPAU?$_Tree_node@U?$pair@$$CBUEntry@?$CSimpleIniTempl@DU?$SI_NoCase@D@@V?$SI_ConvertA@D@@@@PBD@std@@PAX@2@U?$_Tree_id@PAU?$_Tree_node@U?$pair@$$CBUEntry@?$CSimpleIniTempl@DU?$SI_NoCase@D@@V?$SI_ConvertA@D@@@@PBD@std@@PAX@std@@@2@QAU32@@Z 10016a20 f i inimgt.obj
 0001:00015a20       ?_Insert_node@?$_Tree_val@U?$_Tree_simple_types@U?$pair@$$CBUEntry@?$CSimpleIniTempl@DU?$SI_NoCase@D@@V?$SI_ConvertA@D@@@@V?$multimap@UEntry@?$CSimpleIniTempl@DU?$SI_NoCase@D@@V?$SI_ConvertA@D@@@@PBDUKeyOrder@12@V?$allocator@U?$pair@$$CBUEntry@?$CSimpleIniTempl@DU?$SI_NoCase@D@@V?$SI_ConvertA@D@@@@PBD@std@@@std@@@std@@@std@@@std@@@std@@QAEPAU?$_Tree_node@U?$pair@$$CBUEntry@?$CSimpleIniTempl@DU?$SI_NoCase@D@@V?$SI_ConvertA@D@@@@V?$multimap@UEntry@?$CSimpleIniTempl@DU?$SI_NoCase@D@@V?$SI_ConvertA@D@@@@PBDUKeyOrder@12@V?$allocator@U?$pair@$$CBUEntry@?$CSimpleIniTempl@DU?$SI_NoCase@D@@V?$SI_ConvertA@D@@@@PBD@std@@@std@@@std@@@std@@PAX@2@U?$_Tree_id@PAU?$_Tree_node@U?$pair@$$CBUEntry@?$CSimpleIniTempl@DU?$SI_NoCase@D@@V?$SI_ConvertA@D@@@@V?$multimap@UEntry@?$CSimpleIniTempl@DU?$SI_NoCase@D@@V?$SI_ConvertA@D@@@@PBDUKeyOrder@12@V?$allocator@U?$pair@$$CBUEntry@?$CSimpleIniTempl@DU?$SI_NoCase@D@@V?$SI_ConvertA@D@@@@PBD@std@@@std@@@std@@@std@@PAX@std@@@2@QAU32@@Z 10016a20 f i inimgt.obj
 0001:00015c20       ??1?$_Alloc_construct_ptr@V?$allocator@U?$_Tree_node@U?$pair@$$CBNN@std@@PAX@std@@@std@@@std@@QAE@XZ 10016c20 f i EDProfile.obj
 0001:00015c20       ??1?$_Alloc_construct_ptr@V?$allocator@U?$_Tree_node@U?$pair@$$CBUEntry@?$CSimpleIniTempl@DU?$SI_NoCase@D@@V?$SI_ConvertA@D@@@@PBD@std@@PAX@std@@@std@@@std@@QAE@XZ 10016c20 f i inimgt.obj
 0001:00015c20       ??1?$_Tree_temp_node@V?$allocator@U?$_Tree_node@U?$pair@$$CBUEntry@?$CSimpleIniTempl@DU?$SI_NoCase@D@@V?$SI_ConvertA@D@@@@PBD@std@@PAX@std@@@std@@@std@@QAE@XZ 10016c20 f i inimgt.obj
 0001:00015c40       ___local_stdio_printf_options 10016c40 f i filemgt.obj
 0001:00015c50       __vfprintf_l               10016c50 f i filemgt.obj
 0001:00015c80       _fprintf                   10016c80 f i filemgt.obj
 0001:00015ca0       ??0bad_cast@std@@QAE@XZ    10016ca0 f i filemgt.obj
 0001:00015cc0       ?_Throw_bad_cast@std@@YAXXZ 10016cc0 f i filemgt.obj
 0001:00015ce0       ??0bad_cast@std@@QAE@ABV01@@Z 10016ce0 f i filemgt.obj
 0001:00015d20       ??1locale@std@@QAE@XZ      10016d20 f i filemgt.obj
 0001:00015d40       ?CheckSizeOfFile@@YAHPB_W@Z 10016d40 f   filemgt.obj
 0001:00015ec0       ??_D?$basic_ifstream@DU?$char_traits@D@std@@@std@@QAEXXZ 10016ec0 f i filemgt.obj
 0001:00015f00       ?ReadDataFile@@YAXPB_WAAV?$vector@NV?$allocator@N@std@@@std@@1@Z 10016f00 f   filemgt.obj
 0001:00016b10       ?Read1DDataFile@@YAXPB_WAAV?$vector@NV?$allocator@N@std@@@std@@@Z 10017b10 f   filemgt.obj
 0001:00016de0       ?WriteDataFileWHeader@@YAXPB_WAAV?$vector@NV?$allocator@N@std@@@std@@1AAV?$basic_stringstream@DU?$char_traits@D@std@@V?$allocator@D@2@@2@@Z 10017de0 f   filemgt.obj
 0001:00016f50       ?WriteDataFile@@YAXPB_WAAV?$vector@NV?$allocator@N@std@@@std@@1@Z 10017f50 f   filemgt.obj
 0001:00017030       ?Write3ColDataFile@@YAXPB_WAAV?$vector@NV?$allocator@N@std@@@std@@11@Z 10018030 f   filemgt.obj
 0001:00017140       ?Write1DDataFile@@YAXPB_WAAV?$vector@NV?$allocator@N@std@@@std@@@Z 10018140 f   filemgt.obj
 0001:000171e0       ?GetDirectory@@YAXPB_WPA_WH@Z 100181e0 f   filemgt.obj
 0001:00017230       ?GetBasename@@YAXPB_WPA_WH@Z 10018230 f   filemgt.obj
 0001:000172a0       ??0?$basic_ifstream@DU?$char_traits@D@std@@@std@@QAE@PB_WHH@Z 100182a0 f i filemgt.obj
 0001:00017470       ?imbue@?$basic_filebuf@DU?$char_traits@D@std@@@std@@MAEXABVlocale@2@@Z 10018470 f i filemgt.obj
 0001:000174b0       ?sync@?$basic_filebuf@DU?$char_traits@D@std@@@std@@MAEHXZ 100184b0 f i filemgt.obj
 0001:000174f0       ?setbuf@?$basic_filebuf@DU?$char_traits@D@std@@@std@@MAEPAV?$basic_streambuf@DU?$char_traits@D@std@@@2@PAD_J@Z 100184f0 f i filemgt.obj
 0001:000175c0       ?seekpos@?$basic_filebuf@DU?$char_traits@D@std@@@std@@MAE?AV?$fpos@U_Mbstatet@@@2@V32@H@Z 100185c0 f i filemgt.obj
 0001:00017690       ?seekoff@?$basic_filebuf@DU?$char_traits@D@std@@@std@@MAE?AV?$fpos@U_Mbstatet@@@2@_JHH@Z 10018690 f i filemgt.obj
 0001:000177a0       ?xsputn@?$basic_filebuf@DU?$char_traits@D@std@@@std@@MAE_JPBD_J@Z 100187a0 f i filemgt.obj
 0001:00017890       ?xsgetn@?$basic_filebuf@DU?$char_traits@D@std@@@std@@MAE_JPAD_J@Z 10018890 f i filemgt.obj
 0001:000179c0       ?uflow@?$basic_filebuf@DU?$char_traits@D@std@@@std@@MAEHXZ 100189c0 f i filemgt.obj
 0001:00017c30       ?underflow@?$basic_filebuf@DU?$char_traits@D@std@@@std@@MAEHXZ 10018c30 f i filemgt.obj
 0001:00017c70       ?pbackfail@?$basic_filebuf@DU?$char_traits@D@std@@@std@@MAEHH@Z 10018c70 f i filemgt.obj
 0001:00017d30       ?overflow@?$basic_filebuf@DU?$char_traits@D@std@@@std@@MAEHH@Z 10018d30 f i filemgt.obj
 0001:00017e90       ?_Unlock@?$basic_filebuf@DU?$char_traits@D@std@@@std@@UAEXXZ 10018e90 f i filemgt.obj
 0001:00017ea0       ?_Lock@?$basic_filebuf@DU?$char_traits@D@std@@@std@@UAEXXZ 10018ea0 f i filemgt.obj
 0001:00017eb0       ??1?$basic_filebuf@DU?$char_traits@D@std@@@std@@UAE@XZ 10018eb0 f i filemgt.obj
 0001:00017f90       ??_E?$basic_ifstream@DU?$char_traits@D@std@@@std@@UAEPAXI@Z 10018f90 f i * CIL library *:* CIL module *
 0001:00017f90       ??_G?$basic_ifstream@DU?$char_traits@D@std@@@std@@UAEPAXI@Z 10018f90 f i filemgt.obj
 0001:00017ff0       ??_E?$basic_filebuf@DU?$char_traits@D@std@@@std@@UAEPAXI@Z 10018ff0 f i * CIL library *:* CIL module *
 0001:00017ff0       ??_G?$basic_filebuf@DU?$char_traits@D@std@@@std@@UAEPAXI@Z 10018ff0 f i filemgt.obj
 0001:00018020       ??$getline@DU?$char_traits@D@std@@V?$allocator@D@2@@std@@YAAAV?$basic_istream@DU?$char_traits@D@std@@@0@$$QAV10@AAV?$basic_string@DU?$char_traits@D@std@@V?$allocator@D@2@@0@D@Z 10019020 f i filemgt.obj
 0001:000181d0       ??$use_facet@V?$codecvt@DDU_Mbstatet@@@std@@@std@@YAABV?$codecvt@DDU_Mbstatet@@@0@ABVlocale@0@@Z 100191d0 f i filemgt.obj
 0001:000182f0       ??1?$unique_ptr@V_Facet_base@std@@U?$default_delete@V_Facet_base@std@@@2@@std@@QAE@XZ 100192f0 f i filemgt.obj
 0001:00018300       ?_Endwrite@?$basic_filebuf@DU?$char_traits@D@std@@@std@@IAE_NXZ 10019300 f i filemgt.obj
 0001:000183d0       ??1sentry@?$basic_istream@DU?$char_traits@D@std@@@std@@QAE@XZ 100193d0 f i filemgt.obj
 0001:00018430       ??$_Reallocate_grow_by@V<lambda_a6a1b7d7bf4748c274e1f8e35ef9c5c7>@@D@?$basic_string@DU?$char_traits@D@std@@V?$allocator@D@2@@std@@AAEAAV01@IV<lambda_a6a1b7d7bf4748c274e1f8e35ef9c5c7>@@D@Z 10019430 f i filemgt.obj
 0001:00018565       ??_E?$basic_ifstream@DU?$char_traits@D@std@@@std@@$4PPPPPPPM@A@AEPAXI@Z 10019565 f i filemgt.obj
 0001:00018570       ?queryCacheSizes_intel_codes@internal@Eigen@@YAXAAH00@Z 10019570 f i fitting.obj
 0001:00018830       ?queryCacheSizes_intel@internal@Eigen@@YAXAAH00H@Z 10019830 f i fitting.obj
 0001:00018940       ?manage_caching_sizes@internal@Eigen@@YAXW4Action@2@PAH11@Z 10019940 f i fitting.obj
 0001:00018b40       ?calcErrors@LMFitter@@UAEXXZ 10019b40 f   fitting.obj
 0001:00019320       ?FitIteration@LMFitter@@UAENXZ 1001a320 f   fitting.obj
 0001:0001ac10       ??1?$JacobiSVD@V?$Matrix@N$0?0$0?0$0A@$0?0$0?0@Eigen@@$0A@@Eigen@@QAE@XZ 1001bc10 f i fitting.obj
 0001:0001acc0       ??1?$FullPivLU@V?$Matrix@N$0?0$0?0$0A@$0?0$0?0@Eigen@@H@Eigen@@QAE@XZ 1001bcc0 f i fitting.obj
 0001:0001ad30       ??1?$Inverse@V?$FullPivLU@V?$Matrix@N$0?0$0?0$0A@$0?0$0?0@Eigen@@H@Eigen@@@Eigen@@QAE@XZ 1001bd30 f i fitting.obj
 0001:0001ad40       ??1?$SVDBase@V?$JacobiSVD@V?$Matrix@N$0?0$0?0$0A@$0?0$0?0@Eigen@@$0A@@Eigen@@@Eigen@@QAE@XZ 1001bd40 f i fitting.obj
 0001:0001ad90       ??1?$qr_preconditioner_impl@V?$Matrix@N$0?0$0?0$0A@$0?0$0?0@Eigen@@$0A@$0A@$00$00@internal@Eigen@@QAE@XZ 1001bd90 f i fitting.obj
 0001:0001ad90       ??1?$qr_preconditioner_impl@V?$Matrix@N$0?0$0?0$0A@$0?0$0?0@Eigen@@$0A@$0A@$0A@$00@internal@Eigen@@QAE@XZ 1001bd90 f i fitting.obj
 0001:0001adc0       ??1?$ColPivHouseholderQR@V?$Matrix@N$0?0$0?0$0A@$0?0$0?0@Eigen@@H@Eigen@@QAE@XZ 1001bdc0 f i fitting.obj
 0001:0001ae60       ?CalculateCoefficients@LMFitter@@IAENAAV?$Matrix@N$0?0$00$0A@$0?0$00@Eigen@@AAV?$Matrix@N$0?0$0?0$0A@$0?0$0?0@3@0@Z 1001be60 f   fitting.obj
 0001:0001bab0       ?bessel_j0@@YANN@Z         1001cab0 f   fitting.obj
 0001:0001bc60       ?bessel_j1@@YANN@Z         1001cc60 f   fitting.obj
 0001:0001be30       ?bessel_jn@@YANHN@Z        1001ce30 f   fitting.obj
 0001:0001c1a0       ?isZero@?$DenseBase@V?$Block@V?$Matrix@N$0?0$0?0$0A@$0?0$0?0@Eigen@@$0?0$00$00@Eigen@@@Eigen@@QBE_NABN@Z 1001d1a0 f i fitting.obj
 0001:0001c1f0       ??0?$FullPivLU@V?$Matrix@N$0?0$0?0$0A@$0?0$0?0@Eigen@@H@Eigen@@QAE@ABV01@@Z 1001d1f0 f i fitting.obj
 0001:0001c370       ??$pmadd@U__m128d@@@internal@Eigen@@YA?AU__m128d@@ABU2@00@Z 1001d370 f i fitting.obj
 0001:0001c390       ??$compute_impl@V?$Matrix@N$0?0$0?0$0A@$0?0$0?0@Eigen@@@?$JacobiSVD@V?$Matrix@N$0?0$0?0$0A@$0?0$0?0@Eigen@@$0A@@Eigen@@AAEAAV01@ABV?$MatrixBase@V?$Matrix@N$0?0$0?0$0A@$0?0$0?0@Eigen@@@1@I@Z 1001d390 f i fitting.obj
 0001:0001d740       ?computeInPlace@?$FullPivLU@V?$Matrix@N$0?0$0?0$0A@$0?0$0?0@Eigen@@H@Eigen@@IAEXXZ 1001e740 f i fitting.obj
 0001:0001e450       ??0?$ColPivHouseholderQR@V?$Matrix@N$0?0$0?0$0A@$0?0$0?0@Eigen@@H@Eigen@@QAE@XZ 1001f450 f i fitting.obj
 0001:0001e4d0       ??$run@V?$CwiseBinaryOp@U?$scalar_quotient_op@NN@internal@Eigen@@$$CBV?$Matrix@N$0?0$0?0$0A@$0?0$0?0@3@$$CBV?$CwiseNullaryOp@U?$scalar_constant_op@N@internal@Eigen@@$$CBV?$Matrix@N$0?0$0?0$0A@$0?0$0?0@3@@3@@Eigen@@@?$qr_preconditioner_impl@V?$Matrix@N$0?0$0?0$0A@$0?0$0?0@Eigen@@$0A@$0A@$0A@$00@internal@Eigen@@QAE_NAAV?$JacobiSVD@V?$Matrix@N$0?0$0?0$0A@$0?0$0?0@Eigen@@$0A@@2@ABV?$CwiseBinaryOp@U?$scalar_quotient_op@NN@internal@Eigen@@$$CBV?$Matrix@N$0?0$0?0$0A@$0?0$0?0@3@$$CBV?$CwiseNullaryOp@U?$scalar_constant_op@N@internal@Eigen@@$$CBV?$Matrix@N$0?0$0?0$0A@$0?0$0?0@3@@3@@2@@Z 1001f4d0 f i fitting.obj
 0001:0001e860       ??$run@V?$CwiseBinaryOp@U?$scalar_quotient_op@NN@internal@Eigen@@$$CBV?$Matrix@N$0?0$0?0$0A@$0?0$0?0@3@$$CBV?$CwiseNullaryOp@U?$scalar_constant_op@N@internal@Eigen@@$$CBV?$Matrix@N$0?0$0?0$0A@$0?0$0?0@3@@3@@Eigen@@@?$qr_preconditioner_impl@V?$Matrix@N$0?0$0?0$0A@$0?0$0?0@Eigen@@$0A@$0A@$00$00@internal@Eigen@@QAE_NAAV?$JacobiSVD@V?$Matrix@N$0?0$0?0$0A@$0?0$0?0@Eigen@@$0A@@2@ABV?$CwiseBinaryOp@U?$scalar_quotient_op@NN@internal@Eigen@@$$CBV?$Matrix@N$0?0$0?0$0A@$0?0$0?0@3@$$CBV?$CwiseNullaryOp@U?$scalar_constant_op@N@internal@Eigen@@$$CBV?$Matrix@N$0?0$0?0$0A@$0?0$0?0@3@@3@@2@@Z 1001f860 f i fitting.obj
 0001:0001ec20       ?rank@?$FullPivLU@V?$Matrix@N$0?0$0?0$0A@$0?0$0?0@Eigen@@H@Eigen@@QBEHXZ 1001fc20 f i fitting.obj
 0001:0001ed30       ?setIdentity@?$PermutationBase@V?$PermutationMatrix@$0?0$0?0H@Eigen@@@Eigen@@QAEXH@Z 1001fd30 f i fitting.obj
 0001:0001ee20       ?allocate@?$JacobiSVD@V?$Matrix@N$0?0$0?0$0A@$0?0$0?0@Eigen@@$0A@@Eigen@@QAEXHHI@Z 1001fe20 f i fitting.obj
 0001:0001efb0       ??$evalTo@V?$Matrix@N$0?0$0?0$0A@$0?0$0?0@Eigen@@V?$Matrix@N$00$0?0$00$00$0?0@2@@?$HouseholderSequence@V?$Matrix@N$0?0$0?0$0A@$0?0$0?0@Eigen@@V?$Matrix@N$0?0$00$0A@$0?0$00@2@$00@Eigen@@QBEXAAV?$Matrix@N$0?0$0?0$0A@$0?0$0?0@1@AAV?$Matrix@N$00$0?0$00$00$0?0@1@@Z 1001ffb0 f i fitting.obj
 0001:0001efb0       ??$evalTo@V?$Matrix@N$0?0$0?0$0A@$0?0$0?0@Eigen@@V?$Matrix@N$0?0$00$0A@$0?0$00@2@@?$HouseholderSequence@V?$Matrix@N$0?0$0?0$0A@$0?0$0?0@Eigen@@V?$Matrix@N$0?0$00$0A@$0?0$00@2@$00@Eigen@@QBEXAAV?$Matrix@N$0?0$0?0$0A@$0?0$0?0@1@AAV?$Matrix@N$0?0$00$0A@$0?0$00@1@@Z 1001ffb0 f i fitting.obj
 0001:0001f5d0       ??$applyThisOnTheLeft@V?$Matrix@N$0?0$0?0$0A@$0?0$0?0@Eigen@@V?$Matrix@N$00$0?0$00$00$0?0@2@@?$HouseholderSequence@V?$Matrix@N$0?0$0?0$0A@$0?0$0?0@Eigen@@V?$Matrix@N$0?0$00$0A@$0?0$00@2@$00@Eigen@@QBEXAAV?$Matrix@N$0?0$0?0$0A@$0?0$0?0@1@AAV?$Matrix@N$00$0?0$00$00$0?0@1@_N@Z 100205d0 f i fitting.obj
 0001:0001f5d0       ??$applyThisOnTheLeft@V?$Matrix@N$0?0$0?0$0A@$0?0$0?0@Eigen@@V?$Matrix@N$0?0$00$0A@$0?0$00@2@@?$HouseholderSequence@V?$Matrix@N$0?0$0?0$0A@$0?0$0?0@Eigen@@V?$Matrix@N$0?0$00$0A@$0?0$00@2@$00@Eigen@@QBEXAAV?$Matrix@N$0?0$0?0$0A@$0?0$0?0@1@AAV?$Matrix@N$0?0$00$0A@$0?0$00@1@_N@Z 100205d0 f i fitting.obj
 0001:0001f960       ?allocate@?$SVDBase@V?$JacobiSVD@V?$Matrix@N$0?0$0?0$0A@$0?0$0?0@Eigen@@$0A@@Eigen@@@Eigen@@IAE_NHHI@Z 10020960 f i fitting.obj
 0001:0001faa0       ??$run@V?$CwiseUnaryOp@U?$scalar_abs_op@N@internal@Eigen@@$$CBV?$Matrix@N$0?0$0?0$0A@$0?0$0?0@3@@Eigen@@@?$redux_impl@U?$scalar_max_op@NN$00@internal@Eigen@@V?$redux_evaluator@V?$CwiseUnaryOp@U?$scalar_abs_op@N@internal@Eigen@@$$CBV?$Matrix@N$0?0$0?0$0A@$0?0$0?0@3@@Eigen@@@23@$02$0A@@internal@Eigen@@SANABV?$redux_evaluator@V?$CwiseUnaryOp@U?$scalar_abs_op@N@internal@Eigen@@$$CBV?$Matrix@N$0?0$0?0$0A@$0?0$0?0@3@@Eigen@@@12@ABU?$scalar_max_op@NN$00@12@ABV?$CwiseUnaryOp@U?$scalar_abs_op@N@internal@Eigen@@$$CBV?$Matrix@N$0?0$0?0$0A@$0?0$0?0@3@@2@@Z 10020aa0 f i fitting.obj
 0001:0001fc10       ??$applyHouseholderOnTheRight@V?$Block@$$CBV?$Matrix@N$0?0$0?0$0A@$0?0$0?0@Eigen@@$0?0$00$0A@@Eigen@@@?$MatrixBase@V?$Block@V?$Matrix@N$0?0$0?0$0A@$0?0$0?0@Eigen@@$0?0$0?0$0A@@Eigen@@@Eigen@@QAEXABV?$Block@$$CBV?$Matrix@N$0?0$0?0$0A@$0?0$0?0@Eigen@@$0?0$00$0A@@1@ABNPAN@Z 10020c10 f i fitting.obj
 0001:00020720       ??$applyHouseholderOnTheLeft@V?$Block@$$CBV?$Matrix@N$0?0$0?0$0A@$0?0$0?0@Eigen@@$0?0$00$0A@@Eigen@@@?$MatrixBase@V?$Block@V?$Matrix@N$0?0$0?0$0A@$0?0$0?0@Eigen@@$0?0$0?0$0A@@Eigen@@@Eigen@@QAEXABV?$Block@$$CBV?$Matrix@N$0?0$0?0$0A@$0?0$0?0@Eigen@@$0?0$00$0A@@1@ABNPAN@Z 10021720 f i fitting.obj
 0001:000213a0       ??$apply_block_householder_on_the_left@V?$Block@V?$Matrix@N$0?0$0?0$0A@$0?0$0?0@Eigen@@$0?0$0?0$0A@@Eigen@@V12@V?$VectorBlock@$$CBV?$Matrix@N$0?0$00$0A@$0?0$00@Eigen@@$0?0@2@@internal@Eigen@@YAXAAV?$Block@V?$Matrix@N$0?0$0?0$0A@$0?0$0?0@Eigen@@$0?0$0?0$0A@@1@ABV21@ABV?$VectorBlock@$$CBV?$Matrix@N$0?0$00$0A@$0?0$00@Eigen@@$0?0@1@_N@Z 100223a0 f i fitting.obj
 0001:00021a30       ??$construct_at@V?$ColPivHouseholderQR@V?$Matrix@N$0?0$0?0$0A@$0?0$0?0@Eigen@@H@Eigen@@HH@internal@Eigen@@YAPAV?$ColPivHouseholderQR@V?$Matrix@N$0?0$0?0$0A@$0?0$0?0@Eigen@@H@1@PAV21@$$QAH1@Z 10022a30 f i fitting.obj
 0001:00021b20       ?computeInPlace@?$ColPivHouseholderQR@V?$Matrix@N$0?0$0?0$0A@$0?0$0?0@Eigen@@H@Eigen@@IAEXXZ 10022b20 f i fitting.obj
 0001:000224f0       ?run@?$apply_rotation_in_the_plane_selector@NN$0?0$0A@$00@internal@Eigen@@SAXPANH0HHNN@Z 100234f0 f i fitting.obj
 0001:00022990       ??$make_block_householder_triangular_factor@V?$Matrix@N$0?0$0?0$00$0?0$0?0@Eigen@@V?$Block@V?$Matrix@N$0?0$0?0$0A@$0?0$0?0@Eigen@@$0?0$0?0$0A@@2@V?$Block@$$CBV?$Matrix@N$0?0$00$0A@$0?0$00@Eigen@@$0?0$00$0A@@2@@internal@Eigen@@YAXAAV?$Matrix@N$0?0$0?0$00$0?0$0?0@1@ABV?$Block@V?$Matrix@N$0?0$0?0$0A@$0?0$0?0@Eigen@@$0?0$0?0$0A@@1@ABV?$Block@$$CBV?$Matrix@N$0?0$00$0A@$0?0$00@Eigen@@$0?0$00$0A@@1@@Z 10023990 f i fitting.obj
 0001:00022990       ??$make_block_householder_triangular_factor@V?$Matrix@N$0?0$0?0$00$0?0$0?0@Eigen@@V?$Block@V?$Matrix@N$0?0$0?0$0A@$0?0$0?0@Eigen@@$0?0$0?0$0A@@2@V?$VectorBlock@$$CBV?$Matrix@N$0?0$00$0A@$0?0$00@Eigen@@$0?0@2@@internal@Eigen@@YAXAAV?$Matrix@N$0?0$0?0$00$0?0$0?0@1@ABV?$Block@V?$Matrix@N$0?0$0?0$0A@$0?0$0?0@Eigen@@$0?0$0?0$0A@@1@ABV?$VectorBlock@$$CBV?$Matrix@N$0?0$00$0A@$0?0$00@Eigen@@$0?0@1@@Z 10023990 f i fitting.obj
 0001:00022f00       ??$applyHouseholderOnTheLeft@V?$VectorBlock@V?$Block@V?$Matrix@N$0?0$0?0$0A@$0?0$0?0@Eigen@@$0?0$00$00@Eigen@@$0?0@Eigen@@@?$MatrixBase@V?$Block@V?$Matrix@N$0?0$0?0$0A@$0?0$0?0@Eigen@@$0?0$0?0$0A@@Eigen@@@Eigen@@QAEXABV?$VectorBlock@V?$Block@V?$Matrix@N$0?0$0?0$0A@$0?0$0?0@Eigen@@$0?0$00$00@Eigen@@$0?0@1@ABNPAN@Z 10023f00 f i fitting.obj
 0001:00023bc0       ??$_solve_impl@V?$Matrix@N$0?0$00$0A@$0?0$00@Eigen@@V12@@?$FullPivLU@V?$Matrix@N$0?0$0?0$0A@$0?0$0?0@Eigen@@H@Eigen@@QBEXABV?$Matrix@N$0?0$00$0A@$0?0$00@1@AAV21@@Z 10024bc0 f i fitting.obj
 0001:000243d0       ?run@?$Assignment@V?$Matrix@N$0?0$0?0$0A@$0?0$0?0@Eigen@@V?$Inverse@V?$FullPivLU@V?$Matrix@N$0?0$0?0$0A@$0?0$0?0@Eigen@@H@Eigen@@@2@U?$assign_op@NN@internal@2@UDense2Dense@52@X@internal@Eigen@@SAXAAV?$Matrix@N$0?0$0?0$0A@$0?0$0?0@3@ABV?$Inverse@V?$FullPivLU@V?$Matrix@N$0?0$0?0$0A@$0?0$0?0@Eigen@@H@Eigen@@@3@ABU?$assign_op@NN@23@@Z 100253d0 f i fitting.obj
 0001:00024410       ??$outer_product_selector_run@V?$Block@V?$Matrix@N$0?0$0?0$0A@$0?0$0?0@Eigen@@$0?0$0?0$0A@@Eigen@@V?$Block@V?$Block@V?$Matrix@N$0?0$0?0$0A@$0?0$0?0@Eigen@@$0?0$00$00@Eigen@@$0?0$00$0A@@2@V?$Block@V?$Block@V?$Matrix@N$0?0$0?0$0A@$0?0$0?0@Eigen@@$00$0?0$0A@@Eigen@@$00$0?0$0A@@2@Usub@?$generic_product_impl@V?$Block@V?$Block@V?$Matrix@N$0?0$0?0$0A@$0?0$0?0@Eigen@@$0?0$00$00@Eigen@@$0?0$00$0A@@Eigen@@V?$Block@V?$Block@V?$Matrix@N$0?0$0?0$0A@$0?0$0?0@Eigen@@$00$0?0$0A@@Eigen@@$00$0?0$0A@@2@UDenseShape@2@U42@$04@internal@2@@internal@Eigen@@YAXAAV?$Block@V?$Matrix@N$0?0$0?0$0A@$0?0$0?0@Eigen@@$0?0$0?0$0A@@1@ABV?$Block@V?$Block@V?$Matrix@N$0?0$0?0$0A@$0?0$0?0@Eigen@@$0?0$00$00@Eigen@@$0?0$00$0A@@1@ABV?$Block@V?$Block@V?$Matrix@N$0?0$0?0$0A@$0?0$0?0@Eigen@@$00$0?0$0A@@Eigen@@$00$0?0$0A@@1@ABUsub@?$generic_product_impl@V?$Block@V?$Block@V?$Matrix@N$0?0$0?0$0A@$0?0$0?0@Eigen@@$0?0$00$00@Eigen@@$0?0$00$0A@@Eigen@@V?$Block@V?$Block@V?$Matrix@N$0?0$0?0$0A@$0?0$0?0@Eigen@@$00$0?0$0A@@Eigen@@$00$0?0$0A@@2@UDenseShape@2@U42@$04@01@ABU?$integral_constant@_N$0A@@std@@@Z 10025410 f i fitting.obj
 0001:00024530       ??$makeHouseholder@V?$VectorBlock@V?$Block@V?$Block@V?$Matrix@N$0?0$0?0$0A@$0?0$0?0@Eigen@@$0?0$00$00@Eigen@@$0?0$00$0A@@Eigen@@$0?0@Eigen@@@?$MatrixBase@V?$Block@V?$Block@V?$Matrix@N$0?0$0?0$0A@$0?0$0?0@Eigen@@$0?0$00$00@Eigen@@$0?0$00$0A@@Eigen@@@Eigen@@QBEXAAV?$VectorBlock@V?$Block@V?$Block@V?$Matrix@N$0?0$0?0$0A@$0?0$0?0@Eigen@@$0?0$00$00@Eigen@@$0?0$00$0A@@Eigen@@$0?0@1@AAN1@Z 10025530 f i fitting.obj
 0001:00024800       ?run@?$find_coeff_loop@U?$find_coeff_evaluator@V?$CwiseUnaryOp@U?$scalar_score_coeff_op@N@internal@Eigen@@$$CBV?$Block@V?$Matrix@N$0?0$0?0$0A@$0?0$0?0@Eigen@@$0?0$0?0$0A@@3@@Eigen@@@internal@Eigen@@U?$max_coeff_functor@N$0A@$0A@@23@$0A@$00@internal@Eigen@@SAXABU?$find_coeff_evaluator@V?$CwiseUnaryOp@U?$scalar_score_coeff_op@N@internal@Eigen@@$$CBV?$Block@V?$Matrix@N$0?0$0?0$0A@$0?0$0?0@Eigen@@$0?0$0?0$0A@@3@@Eigen@@@23@AAU?$max_coeff_functor@N$0A@$0A@@23@AANAAH3@Z 10025800 f i fitting.obj
 0001:000249a0       ?run@?$find_coeff_loop@U?$find_coeff_evaluator@V?$Block@V?$Matrix@N$0?0$00$0A@$0?0$00@Eigen@@$0?0$00$0A@@Eigen@@@internal@Eigen@@U?$max_coeff_functor@N$0A@$0A@@23@$00$00@internal@Eigen@@SAXABU?$find_coeff_evaluator@V?$Block@V?$Matrix@N$0?0$00$0A@$0?0$00@Eigen@@$0?0$00$0A@@Eigen@@@23@AAU?$max_coeff_functor@N$0A@$0A@@23@AANAAH@Z 100259a0 f i fitting.obj
 0001:00024ab0       ?init@?$ColPivHouseholderQR@V?$Matrix@N$0?0$0?0$0A@$0?0$0?0@Eigen@@H@Eigen@@AAEXHH@Z 10025ab0 f i fitting.obj
 0001:00024bd0       ??$?RV?$Block@V?$Block@V?$Block@V?$Matrix@N$0?0$0?0$0A@$0?0$0?0@Eigen@@$0?0$0?0$0A@@Eigen@@$0?0$0?0$0A@@Eigen@@$0?0$00$00@Eigen@@V?$CwiseBinaryOp@U?$scalar_product_op@NN@internal@Eigen@@$$CBV?$CwiseNullaryOp@U?$scalar_constant_op@N@internal@Eigen@@$$CBV?$Matrix@N$0?0$00$0A@$0?0$00@3@@3@$$CBV?$Map@V?$Matrix@N$0?0$00$0A@$0?0$00@Eigen@@$0BA@V?$Stride@$0A@$0A@@2@@3@@1@@sub@?$generic_product_impl@V?$CwiseBinaryOp@U?$scalar_product_op@NN@internal@Eigen@@$$CBV?$CwiseNullaryOp@U?$scalar_constant_op@N@internal@Eigen@@$$CBV?$Matrix@N$0?0$00$0A@$0?0$00@3@@3@$$CBV?$Block@$$CBV?$Matrix@N$0?0$0?0$0A@$0?0$0?0@Eigen@@$0?0$00$0A@@3@@Eigen@@V?$Map@V?$Matrix@N$00$0?0$00$00$0?0@Eigen@@$0A@V?$Stride@$0A@$0A@@2@@2@UDenseShape@2@U42@$04@internal@Eigen@@QBEXABV?$Block@V?$Block@V?$Block@V?$Matrix@N$0?0$0?0$0A@$0?0$0?0@Eigen@@$0?0$0?0$0A@@Eigen@@$0?0$0?0$0A@@Eigen@@$0?0$00$00@3@ABV?$CwiseBinaryOp@U?$scalar_product_op@NN@internal@Eigen@@$$CBV?$CwiseNullaryOp@U?$scalar_constant_op@N@internal@Eigen@@$$CBV?$Matrix@N$0?0$00$0A@$0?0$00@3@@3@$$CBV?$Map@V?$Matrix@N$0?0$00$0A@$0?0$00@Eigen@@$0BA@V?$Stride@$0A@$0A@@2@@3@@3@@Z 10025bd0 f i fitting.obj
 0001:00024bd0       ??$?RV?$Block@V?$Block@V?$Block@V?$Matrix@N$0?0$0?0$0A@$0?0$0?0@Eigen@@$0?0$0?0$0A@@Eigen@@$0?0$0?0$0A@@Eigen@@$0?0$00$00@Eigen@@V?$CwiseBinaryOp@U?$scalar_product_op@NN@internal@Eigen@@$$CBV?$CwiseNullaryOp@U?$scalar_constant_op@N@internal@Eigen@@$$CBV?$Matrix@N$0?0$00$0A@$0?0$00@3@@3@$$CBV?$Map@V?$Matrix@N$0?0$00$0A@$0?0$00@Eigen@@$0BA@V?$Stride@$0A@$0A@@2@@3@@1@@sub@?$generic_product_impl@V?$CwiseBinaryOp@U?$scalar_product_op@NN@internal@Eigen@@$$CBV?$CwiseNullaryOp@U?$scalar_constant_op@N@internal@Eigen@@$$CBV?$Matrix@N$0?0$00$0A@$0?0$00@3@@3@$$CBV?$Block@V?$Block@V?$Matrix@N$0?0$0?0$0A@$0?0$0?0@Eigen@@$0?0$00$00@Eigen@@$0?0$00$0A@@3@@Eigen@@V?$Map@V?$Matrix@N$00$0?0$00$00$0?0@Eigen@@$0A@V?$Stride@$0A@$0A@@2@@2@UDenseShape@2@U42@$04@internal@Eigen@@QBEXABV?$Block@V?$Block@V?$Block@V?$Matrix@N$0?0$0?0$0A@$0?0$0?0@Eigen@@$0?0$0?0$0A@@Eigen@@$0?0$0?0$0A@@Eigen@@$0?0$00$00@3@ABV?$CwiseBinaryOp@U?$scalar_product_op@NN@internal@Eigen@@$$CBV?$CwiseNullaryOp@U?$scalar_constant_op@N@internal@Eigen@@$$CBV?$Matrix@N$0?0$00$0A@$0?0$00@3@@3@$$CBV?$Map@V?$Matrix@N$0?0$00$0A@$0?0$00@Eigen@@$0BA@V?$Stride@$0A@$0A@@2@@3@@3@@Z 10025bd0 f i fitting.obj
 0001:00024bd0       ??$?RV?$Block@V?$Block@V?$Block@V?$Matrix@N$0?0$0?0$0A@$0?0$0?0@Eigen@@$0?0$0?0$0A@@Eigen@@$0?0$0?0$0A@@Eigen@@$0?0$00$00@Eigen@@V?$CwiseBinaryOp@U?$scalar_product_op@NN@internal@Eigen@@$$CBV?$CwiseNullaryOp@U?$scalar_constant_op@N@internal@Eigen@@$$CBV?$Matrix@N$0?0$00$0A@$0?0$00@3@@3@$$CBV?$Map@V?$Matrix@N$0?0$00$0A@$0?0$00@Eigen@@$0BA@V?$Stride@$0A@$0A@@2@@3@@1@@sub@?$generic_product_impl@V?$CwiseBinaryOp@U?$scalar_product_op@NN@internal@Eigen@@$$CBV?$CwiseNullaryOp@U?$scalar_constant_op@N@internal@Eigen@@$$CBV?$Matrix@N$0?0$00$0A@$0?0$00@3@@3@$$CBV?$Map@V?$Matrix@N$0?0$00$0A@$0?0$00@Eigen@@$0A@V?$Stride@$0A@$0A@@2@@3@@Eigen@@V?$Transpose@$$CBV?$Block@$$CBV?$Matrix@N$0?0$0?0$0A@$0?0$0?0@Eigen@@$0?0$00$0A@@Eigen@@@2@UDenseShape@2@U42@$04@internal@Eigen@@QBEXABV?$Block@V?$Block@V?$Block@V?$Matrix@N$0?0$0?0$0A@$0?0$0?0@Eigen@@$0?0$0?0$0A@@Eigen@@$0?0$0?0$0A@@Eigen@@$0?0$00$00@3@ABV?$CwiseBinaryOp@U?$scalar_product_op@NN@internal@Eigen@@$$CBV?$CwiseNullaryOp@U?$scalar_constant_op@N@internal@Eigen@@$$CBV?$Matrix@N$0?0$00$0A@$0?0$00@3@@3@$$CBV?$Map@V?$Matrix@N$0?0$00$0A@$0?0$00@Eigen@@$0BA@V?$Stride@$0A@$0A@@2@@3@@3@@Z 10025bd0 f i fitting.obj
 0001:00024bd0       ??$?RV?$Block@V?$Block@V?$Matrix@N$0?0$0?0$0A@$0?0$0?0@Eigen@@$0?0$0?0$0A@@Eigen@@$0?0$00$00@Eigen@@V?$CwiseBinaryOp@U?$scalar_product_op@NN@internal@Eigen@@$$CBV?$CwiseNullaryOp@U?$scalar_constant_op@N@internal@Eigen@@$$CBV?$Matrix@N$0?0$00$0A@$0?0$00@3@@3@$$CBV?$Block@V?$Block@V?$Matrix@N$0?0$0?0$0A@$0?0$0?0@Eigen@@$0?0$00$00@Eigen@@$0?0$00$0A@@3@@1@@sub@?$generic_product_impl@V?$Block@V?$Block@V?$Matrix@N$0?0$0?0$0A@$0?0$0?0@Eigen@@$0?0$00$00@Eigen@@$0?0$00$0A@@Eigen@@V?$Block@V?$Block@V?$Matrix@N$0?0$0?0$0A@$0?0$0?0@Eigen@@$00$0?0$0A@@Eigen@@$00$0?0$0A@@2@UDenseShape@2@U42@$04@internal@Eigen@@QBEXABV?$Block@V?$Block@V?$Matrix@N$0?0$0?0$0A@$0?0$0?0@Eigen@@$0?0$0?0$0A@@Eigen@@$0?0$00$00@3@ABV?$CwiseBinaryOp@U?$scalar_product_op@NN@internal@Eigen@@$$CBV?$CwiseNullaryOp@U?$scalar_constant_op@N@internal@Eigen@@$$CBV?$Matrix@N$0?0$00$0A@$0?0$00@3@@3@$$CBV?$Block@V?$Block@V?$Matrix@N$0?0$0?0$0A@$0?0$0?0@Eigen@@$0?0$00$00@Eigen@@$0?0$00$0A@@3@@3@@Z 10025bd0 f i fitting.obj
 0001:00024dc0       ??$solveInPlace@$00V?$Block@V?$Matrix@N$0?0$00$0A@$0?0$00@Eigen@@$0?0$00$0A@@Eigen@@@?$TriangularViewImpl@$$CBV?$Block@$$CBV?$Matrix@N$0?0$0?0$0A@$0?0$0?0@Eigen@@$0?0$0?0$0A@@Eigen@@$04UDense@2@@Eigen@@QBEXABV?$MatrixBase@V?$Block@V?$Matrix@N$0?0$00$0A@$0?0$00@Eigen@@$0?0$00$0A@@Eigen@@@1@@Z 10025dc0 f i fitting.obj
 0001:00024f20       ??$solveInPlace@$00V?$Block@V?$Matrix@N$0?0$00$0A@$0?0$00@Eigen@@$0?0$00$0A@@Eigen@@@?$TriangularViewImpl@$$CBV?$Block@$$CBV?$Matrix@N$0?0$0?0$0A@$0?0$0?0@Eigen@@$0?0$0?0$0A@@Eigen@@$01UDense@2@@Eigen@@QBEXABV?$MatrixBase@V?$Block@V?$Matrix@N$0?0$00$0A@$0?0$00@Eigen@@$0?0$00$0A@@Eigen@@@1@@Z 10025f20 f i fitting.obj
 0001:00025080       ??$run@V?$Matrix@N$00$0?0$00$00$0?0@Eigen@@@?$redux_impl@U?$scalar_max_op@NN$0A@@internal@Eigen@@V?$redux_evaluator@V?$Matrix@N$00$0?0$00$00$0?0@Eigen@@@23@$02$0A@@internal@Eigen@@SANABV?$redux_evaluator@V?$Matrix@N$00$0?0$00$00$0?0@Eigen@@@12@ABU?$scalar_max_op@NN$0A@@12@ABV?$Matrix@N$00$0?0$00$00$0?0@2@@Z 10026080 f i fitting.obj
 0001:000252b0       ??$outer_product_selector_run@V?$Block@V?$Block@V?$Matrix@N$0?0$0?0$0A@$0?0$0?0@Eigen@@$0?0$0?0$0A@@Eigen@@$0?0$0?0$0A@@Eigen@@V?$CwiseBinaryOp@U?$scalar_product_op@NN@internal@Eigen@@$$CBV?$CwiseNullaryOp@U?$scalar_constant_op@N@internal@Eigen@@$$CBV?$Matrix@N$0?0$00$0A@$0?0$00@3@@3@$$CBV?$Block@$$CBV?$Matrix@N$0?0$0?0$0A@$0?0$0?0@Eigen@@$0?0$00$0A@@3@@2@V?$Map@V?$Matrix@N$00$0?0$00$00$0?0@Eigen@@$0A@V?$Stride@$0A@$0A@@2@@2@Usub@?$generic_product_impl@V?$CwiseBinaryOp@U?$scalar_product_op@NN@internal@Eigen@@$$CBV?$CwiseNullaryOp@U?$scalar_constant_op@N@internal@Eigen@@$$CBV?$Matrix@N$0?0$00$0A@$0?0$00@3@@3@$$CBV?$Block@$$CBV?$Matrix@N$0?0$0?0$0A@$0?0$0?0@Eigen@@$0?0$00$0A@@3@@Eigen@@V?$Map@V?$Matrix@N$00$0?0$00$00$0?0@Eigen@@$0A@V?$Stride@$0A@$0A@@2@@2@UDenseShape@2@U42@$04@internal@2@@internal@Eigen@@YAXAAV?$Block@V?$Block@V?$Matrix@N$0?0$0?0$0A@$0?0$0?0@Eigen@@$0?0$0?0$0A@@Eigen@@$0?0$0?0$0A@@1@ABV?$CwiseBinaryOp@U?$scalar_product_op@NN@internal@Eigen@@$$CBV?$CwiseNullaryOp@U?$scalar_constant_op@N@internal@Eigen@@$$CBV?$Matrix@N$0?0$00$0A@$0?0$00@3@@3@$$CBV?$Block@$$CBV?$Matrix@N$0?0$0?0$0A@$0?0$0?0@Eigen@@$0?0$00$0A@@3@@1@ABV?$Map@V?$Matrix@N$00$0?0$00$00$0?0@Eigen@@$0A@V?$Stride@$0A@$0A@@2@@1@ABUsub@?$generic_product_impl@V?$CwiseBinaryOp@U?$scalar_product_op@NN@internal@Eigen@@$$CBV?$CwiseNullaryOp@U?$scalar_constant_op@N@internal@Eigen@@$$CBV?$Matrix@N$0?0$00$0A@$0?0$00@3@@3@$$CBV?$Block@$$CBV?$Matrix@N$0?0$0?0$0A@$0?0$0?0@Eigen@@$0?0$00$0A@@3@@Eigen@@V?$Map@V?$Matrix@N$00$0?0$00$00$0?0@Eigen@@$0A@V?$Stride@$0A@$0A@@2@@2@UDenseShape@2@U42@$04@01@ABU?$integral_constant@_N$0A@@std@@@Z 100262b0 f i fitting.obj
[...]
      100    ?GetMinimumSig@@YANXZ (double __cdecl GetMinimumSig(void))
      101    ?GetName@Model@@UAE?AV?$basic_string@DU?$char_traits@D@std@@V?$allocator@D@2@@std@@XZ (public: virtual class std::basic_string<char,struct std::char_traits<char>,class std::allocator<char> > __thiscall Model::GetName(void))
      102    ?GetNumBaseModels@CompositeModel@@UAEHXZ (public: virtual int __thiscall CompositeModel::GetNumBaseModels(void))
      103    ?GetNumBaseModels@Model@@UAEHXZ (public: virtual int __thiscall Model::GetNumBaseModels(void))
      104    ?GetNumBaseModels@PolydisperseModel@@UAEHXZ (public: virtual int __thiscall PolydisperseModel::GetNumBaseModels(void))
      105    ?GetNumDisplayParams@Model@@UAEHXZ (public: virtual int __thiscall Model::GetNumDisplayParams(void))
      106    ?GetNumEDParams@EDPFunction@@UAEHXZ (public: virtual int __thiscall EDPFunction::GetNumEDParams(void))
      107    ?GetNumExtraParams@Model@@UAEHXZ (public: virtual int __thiscall Model::GetNumExtraParams(void))
      108    ?GetNumLayerParams@Model@@UAEHXZ (public: virtual int __thiscall Model::GetNumLayerParams(void))
      109    ?GetNumRelatedModels@Model@@UAEHXZ (public: virtual int __thiscall Model::GetNumRelatedModels(void))
      110    ?GetPDFunc@@YA?AW4PeakType@@XZ (enum PeakType __cdecl GetPDFunc(void))
      111    ?GetPDResolution@@YAHXZ (int __cdecl GetPDResolution(void))
      112    ?GetPeakType@@YA?AW4PeakType@@XZ (enum PeakType __cdecl GetPeakType(void))
      113    ?GetRelatedModelName@Model@@UAE?AV?$basic_string@DU?$char_traits@D@std@@V?$allocator@D@2@@std@@H@Z (public: virtual class std::basic_string<char,struct std::char_traits<char>,class std::allocator<char> > __thiscall Model::GetRelatedModelName(int))
      114    ?GetResolution@@YANXZ (double __cdecl GetResolution(void))
      115    ?GetSpecializedSF@FFModel@@UAEPAVModel@@XZ (public: virtual class Model * __thiscall FFModel::GetSpecializedSF(void))
      116    ?GetUpperLimit@EDPFunction@@UAENXZ (public: virtual double __thiscall EDPFunction::GetUpperLimit(void))
      117    ?HasSpecializedSF@FFModel@@UAE_NXZ (public: virtual bool __thiscall FFModel::HasSpecializedSF(void))
      118    ?ImportBackground@@YAXPB_W00_N@Z (void __cdecl ImportBackground(wchar_t const *,wchar_t const *,wchar_t const *,bool))
      119    ?IniHasModelType@@YA_NABV?$basic_string@_WU?$char_traits@_W@std@@V?$allocator@_W@2@@std@@ABV?$basic_string@DU?$char_traits@D@std@@V?$allocator@D@2@@2@PAX@Z (bool __cdecl IniHasModelType(class std::basic_string<wchar_t,struct std::char_traits<wchar_t>,class std::allocator<wchar_t> > const &,class std::basic_string<char,struct std::char_traits<char>,class std::allocator<char> > const &,void *))
      120    ?IsLayerBased@Model@@UAE_NXZ (public: virtual bool __thiscall Model::IsLayerBased(void))
      121    ?IsParamApplicable@Model@@UAE_NHH@Z (public: virtual bool __thiscall Model::IsParamApplicable(int,int))
      122    ?IsSlow@FFModel@@UAE_NXZ (public: virtual bool __thiscall FFModel::IsSlow(void))
      123    ?LinearFit@@YA?AU?$pair@NN@std@@V?$vector@NV?$allocator@N@std@@@2@0@Z (struct std::pair<double,double> __cdecl LinearFit(class std::vector<double,class std::allocator<double> >,class std::vector<double,class std::allocator<double> >))
      124    ?LiveCalculate@Model@@UAENNHAAV?$Matrix@N$0?0$00$0A@$0?0$00@Eigen@@@Z (public: virtual double __thiscall Model::LiveCalculate(double,int,class Eigen::Matrix<double,-1,1,0,-1,1> &))
      125    ?LiveCalculate@PolydisperseModel@@UAENNHAAV?$Matrix@N$0?0$00$0A@$0?0$00@Eigen@@@Z (public: virtual double __thiscall PolydisperseModel::LiveCalculate(double,int,class Eigen::Matrix<double,-1,1,0,-1,1> &))
      126    ?MachineResolution@@YA?AV?$vector@NV?$allocator@N@std@@@std@@ABV12@0N@Z (class std::vector<double,class std::allocator<double> > __cdecl MachineResolution(class std::vector<double,class std::allocator<double> > const &,class std::vector<double,class std::allocator<double> > const &,double))
      127    ?MakeSteps@EDPFunction@@UAE?AV?$Matrix@N$0?0$0?0$0A@$0?0$0?0@Eigen@@NNNAAN@Z (public: virtual class Eigen::Matrix<double,-1,-1,0,-1,-1> __thiscall EDPFunction::MakeSteps(double,double,double,double &))
      128    ?NewIniFile@@YAPAXXZ (void * __cdecl NewIniFile(void))
      129    ?OrganizeParameters@Model@@UAEXABV?$Matrix@N$0?0$00$0A@$0?0$00@Eigen@@H@Z (public: virtual void __thiscall Model::OrganizeParameters(class Eigen::Matrix<double,-1,1,0,-1,1> const &,int))
      130    ?ParallelizeVector@Model@@UAE_NXZ (public: virtual bool __thiscall Model::ParallelizeVector(void))
      131    ?PreCalculate@FunctionModel@@UAEXAAV?$Matrix@N$0?0$00$0A@$0?0$00@Eigen@@H@Z (public: virtual void __thiscall FunctionModel::PreCalculate(class Eigen::Matrix<double,-1,1,0,-1,1> &,int))
      132    ?PreCalculate@Model@@UAEXAAV?$Matrix@N$0?0$00$0A@$0?0$00@Eigen@@H@Z (public: virtual void __thiscall Model::PreCalculate(class Eigen::Matrix<double,-1,1,0,-1,1> &,int))
      133    ?PreCalculateFF@FFModel@@UAEXAAV?$Matrix@N$0?0$00$0A@$0?0$00@Eigen@@H@Z (public: virtual void __thiscall FFModel::PreCalculateFF(class Eigen::Matrix<double,-1,1,0,-1,1> &,int))
      134    ?ProfileFromShape@@YAPAVEDPFunction@@W4ProfileShape@@ABV?$Matrix@N$0?0$0?0$0A@$0?0$0?0@Eigen@@@Z (class EDPFunction * __cdecl ProfileFromShape(enum ProfileShape,class Eigen::Matrix<double,-1,-1,0,-1,-1> const &))
      135    ?RSquared@@YANV?$vector@NV?$allocator@N@std@@@std@@0@Z (double __cdecl RSquared(class std::vector<double,class std::allocator<double> >,class std::vector<double,class std::allocator<double> >))
      136    ?RSquared_Masked@@YANV?$vector@NV?$allocator@N@std@@@std@@0ABV?$vector@_NV?$allocator@_N@std@@@2@@Z (double __cdecl RSquared_Masked(class std::vector<double,class std::allocator<double> >,class std::vector<double,class std::allocator<double> >,class std::vector<bool,class std::allocator<bool> > const &))
      137    ?Read1DDataFile@@YAXPB_WAAV?$vector@NV?$allocator@N@std@@@std@@@Z (void __cdecl Read1DDataFile(wchar_t const *,class std::vector<double,class std::allocator<double> > &))
      138    ?ReadBG@@YAXABV?$basic_string@_WU?$char_traits@_W@std@@V?$allocator@_W@2@@std@@V?$basic_string@DU?$char_traits@D@std@@V?$allocator@D@2@@2@PAUbgStruct@@PAX@Z (void __cdecl ReadBG(class std::basic_string<wchar_t,struct std::char_traits<wchar_t>,class std::allocator<wchar_t> > const &,class std::basic_string<char,struct std::char_traits<char>,class std::allocator<char> >,struct bgStruct *,void *))
      139    ?ReadCaille@@YAXABV?$basic_string@_WU?$char_traits@_W@std@@V?$allocator@_W@2@@std@@V?$basic_string@DU?$char_traits@D@std@@V?$allocator@D@2@@2@PAUgraphTable@@PAUcailleParamStruct@@PAX@Z (void __cdecl ReadCaille(class std::basic_string<wchar_t,struct std::char_traits<wchar_t>,class std::allocator<wchar_t> > const &,class std::basic_string<char,struct std::char_traits<char>,class std::allocator<char> >,struct graphTable *,struct cailleParamStruct *,void *))
      140    ?ReadDataFile@@YAXPB_WAAV?$vector@NV?$allocator@N@std@@@std@@1@Z (void __cdecl ReadDataFile(wchar_t const *,class std::vector<double,class std::allocator<double> > &,class std::vector<double,class std::allocator<double> > &))
      141    ?ReadParameters@@YAXABV?$basic_string@_WU?$char_traits@_W@std@@V?$allocator@_W@2@@std@@V?$basic_string@DU?$char_traits@D@std@@V?$allocator@D@2@@2@PAUparamStruct@@PAX@Z (void __cdecl ReadParameters(class std::basic_string<wchar_t,struct std::char_traits<wchar_t>,class std::allocator<wchar_t> > const &,class std::basic_string<char,struct std::char_traits<char>,class std::allocator<char> >,struct paramStruct *,void *))
      142    ?ReadPeaks@@YAXABV?$basic_string@_WU?$char_traits@_W@std@@V?$allocator@_W@2@@std@@V?$basic_string@DU?$char_traits@D@std@@V?$allocator@D@2@@2@PAUpeakStruct@@PAX@Z (void __cdecl ReadPeaks(class std::basic_string<wchar_t,struct std::char_traits<wchar_t>,class std::allocator<wchar_t> > const &,class std::basic_string<char,struct std::char_traits<char>,class std::allocator<char> >,struct peakStruct *,void *))
      143    ?ReadPhases@@YAXABV?$basic_string@_WU?$char_traits@_W@std@@V?$allocator@_W@2@@std@@V?$basic_string@DU?$char_traits@D@std@@V?$allocator@D@2@@2@PAUphaseStruct@@PAHPAX@Z (void __cdecl ReadPhases(class std::basic_string<wchar_t,struct std::char_traits<wchar_t>,class std::allocator<wchar_t> > const &,class std::basic_string<char,struct std::char_traits<char>,class std::allocator<char> >,struct phaseStruct *,int *,void *))
      144    ?ReadableIni@@YA_NABV?$basic_string@_WU?$char_traits@_W@std@@V?$allocator@_W@2@@std@@ABV?$basic_string@DU?$char_traits@D@std@@V?$allocator@D@2@@2@PAX@Z (bool __cdecl ReadableIni(class std::basic_string<wchar_t,struct std::char_traits<wchar_t>,class std::allocator<wchar_t> > const &,class std::basic_string<char,struct std::char_traits<char>,class std::allocator<char> > const &,void *))
      145    ?SetConsEccentricity@@YAX_N@Z (void __cdecl SetConsEccentricity(bool))
      146    ?SetCuboidModel@@YAX_N@Z (void __cdecl SetCuboidModel(bool))
      147    ?SetD@@YAXN@Z (void __cdecl SetD(double))
      148    ?SetEDProfile@Model@@UAEXUEDProfile@@@Z (public: virtual void __thiscall Model::SetEDProfile(struct EDProfile))
      149    ?SetFitIterations@@YAXH@Z (void __cdecl SetFitIterations(int))
      150    ?SetFitMethod@@YAXW4FitMethod@@@Z (void __cdecl SetFitMethod(enum FitMethod))
      151    ?SetGPUBackend@@YAX_N@Z (void __cdecl SetGPUBackend(bool))
      152    ?SetGaussED@@YAX_N@Z (void __cdecl SetGaussED(bool))
      153    ?SetGaussMembrane@@YAX_N@Z (void __cdecl SetGaussMembrane(bool))
      154    ?SetIniChar@@YAXABV?$basic_string@_WU?$char_traits@_W@std@@V?$allocator@_W@2@@std@@ABV?$basic_string@DU?$char_traits@D@std@@V?$allocator@D@2@@2@1PAXD@Z (void __cdecl SetIniChar(class std::basic_string<wchar_t,struct std::char_traits<wchar_t>,class std::allocator<wchar_t> > const &,class std::basic_string<char,struct std::char_traits<char>,class std::allocator<char> > const &,class std::basic_string<char,struct std::char_traits<char>,class std::allocator<char> > const &,void *,char))
      155    ?SetIniDouble@@YAXABV?$basic_string@_WU?$char_traits@_W@std@@V?$allocator@_W@2@@std@@ABV?$basic_string@DU?$char_traits@D@std@@V?$allocator@D@2@@2@1PAXNH@Z (void __cdecl SetIniDouble(class std::basic_string<wchar_t,struct std::char_traits<wchar_t>,class std::allocator<wchar_t> > const &,class std::basic_string<char,struct std::char_traits<char>,class std::allocator<char> > const &,class std::basic_string<char,struct std::char_traits<char>,class std::allocator<char> > const &,void *,double,int))
      156    ?SetIniInt@@YAXABV?$basic_string@_WU?$char_traits@_W@std@@V?$allocator@_W@2@@std@@ABV?$basic_string@DU?$char_traits@D@std@@V?$allocator@D@2@@2@1PAXH@Z (void __cdecl SetIniInt(class std::basic_string<wchar_t,struct std::char_traits<wchar_t>,class std::allocator<wchar_t> > const &,class std::basic_string<char,struct std::char_traits<char>,class std::allocator<char> > const &,class std::basic_string<char,struct std::char_traits<char>,class std::allocator<char> > const &,void *,int))
      157    ?SetIniString@@YAXABV?$basic_string@_WU?$char_traits@_W@std@@V?$allocator@_W@2@@std@@ABV?$basic_string@DU?$char_traits@D@std@@V?$allocator@D@2@@2@1PAX1@Z (void __cdecl SetIniString(class std::basic_string<wchar_t,struct std::char_traits<wchar_t>,class std::allocator<wchar_t> > const &,class std::basic_string<char,struct std::char_traits<char>,class std::allocator<char> > const &,class std::basic_string<char,struct std::char_traits<char>,class std::allocator<char> > const &,void *,class std::basic_string<char,struct std::char_traits<char>,class std::allocator<char> > const &))
      158    ?SetMinimumSig@@YAXN@Z (void __cdecl SetMinimumSig(double))
      159    ?SetPDFunc@@YAXW4PeakType@@@Z (void __cdecl SetPDFunc(enum PeakType))
      160    ?SetPDResolution@@YAXH@Z (void __cdecl SetPDResolution(int))
      161    ?SetPeakType@@YAXW4PeakType@@@Z (void __cdecl SetPeakType(enum PeakType))
      162    ?SetQuadResolution@@YAXH@Z (void __cdecl SetQuadResolution(int))
      163    ?SetResolution@@YAXN@Z (void __cdecl SetResolution(double))
      164    ?SetResolution@EDPFunction@@QAEXH@Z (public: void __thiscall EDPFunction::SetResolution(int))
      165    ?SetSigma@@YAX_N@Z (void __cdecl SetSigma(bool))
      166    ?SetStop@Model@@UAEXPAH@Z (public: virtual void __thiscall Model::SetStop(int *))
      167    ?SetUseFrozenFF@@YAX_N@Z (void __cdecl SetUseFrozenFF(bool))
      168    ?SetupIntegral@@YAXAAV?$Matrix@N$0?0$00$0A@$0?0$00@Eigen@@0NNH@Z (void __cdecl SetupIntegral(class Eigen::Matrix<double,-1,1,0,-1,1> &,class Eigen::Matrix<double,-1,1,0,-1,1> &,double,double,int))
      169    ?Subdivide@EDPFunction@@IAENNNAAV?$map@NNU?$less@N@std@@V?$allocator@U?$pair@$$CBNN@std@@@2@@std@@NH@Z (protected: double __thiscall EDPFunction::Subdivide(double,double,class std::map<double,double,struct std::less<double>,class std::allocator<struct std::pair<double const ,double> > > &,double,int))
      170    ?WSSR@@YANV?$vector@NV?$allocator@N@std@@@std@@0@Z (double __cdecl WSSR(class std::vector<double,class std::allocator<double> >,class std::vector<double,class std::allocator<double> >))
      171    ?WSSR_Masked@@YANV?$vector@NV?$allocator@N@std@@@std@@0ABV?$vector@_NV?$allocator@_N@std@@@2@@Z (double __cdecl WSSR_Masked(class std::vector<double,class std::allocator<double> >,class std::vector<double,class std::allocator<double> >,class std::vector<bool,class std::allocator<bool> > const &))
      172    ?WritableIni@@YA_NABV?$basic_string@_WU?$char_traits@_W@std@@V?$allocator@_W@2@@std@@ABV?$basic_string@DU?$char_traits@D@std@@V?$allocator@D@2@@2@PAX@Z (bool __cdecl WritableIni(class std::basic_string<wchar_t,struct std::char_traits<wchar_t>,class std::allocator<wchar_t> > const &,class std::basic_string<char,struct std::char_traits<char>,class std::allocator<char> > const &,void *))
      173    ?Write1DDataFile@@YAXPB_WAAV?$vector@NV?$allocator@N@std@@@std@@@Z (void __cdecl Write1DDataFile(wchar_t const *,class std::vector<double,class std::allocator<double> > &))
      174    ?Write3ColDataFile@@YAXPB_WAAV?$vector@NV?$allocator@N@std@@@std@@11@Z (void __cdecl Write3ColDataFile(wchar_t const *,class std::vector<double,class std::allocator<double> > &,class std::vector<double,class std::allocator<double> > &,class std::vector<double,class std::allocator<double> > &))
      175    ?WriteBG@@YAXABV?$basic_string@_WU?$char_traits@_W@std@@V?$allocator@_W@2@@std@@V?$basic_string@DU?$char_traits@D@std@@V?$allocator@D@2@@2@PBUbgStruct@@PAX@Z (void __cdecl WriteBG(class std::basic_string<wchar_t,struct std::char_traits<wchar_t>,class std::allocator<wchar_t> > const &,class std::basic_string<char,struct std::char_traits<char>,class std::allocator<char> >,struct bgStruct const *,void *))
      176    ?WriteCaille@@YAXABV?$basic_string@_WU?$char_traits@_W@std@@V?$allocator@_W@2@@std@@V?$basic_string@DU?$char_traits@D@std@@V?$allocator@D@2@@2@PBUgraphTable@@PBUcailleParamStruct@@PAX@Z (void __cdecl WriteCaille(class std::basic_string<wchar_t,struct std::char_traits<wchar_t>,class std::allocator<wchar_t> > const &,class std::basic_string<char,struct std::char_traits<char>,class std::allocator<char> >,struct graphTable const *,struct cailleParamStruct const *,void *))
      177    ?WriteDataFile@@YAXPB_WAAV?$vector@NV?$allocator@N@std@@@std@@1@Z (void __cdecl WriteDataFile(wchar_t const *,class std::vector<double,class std::allocator<double> > &,class std::vector<double,class std::allocator<double> > &))
      178    ?WriteDataFileWHeader@@YAXPB_WAAV?$vector@NV?$allocator@N@std@@@std@@1AAV?$basic_stringstream@DU?$char_traits@D@std@@V?$allocator@D@2@@2@@Z (void __cdecl WriteDataFileWHeader(wchar_t const *,class std::vector<double,class std::allocator<double> > &,class std::vector<double,class std::allocator<double> > &,class std::basic_stringstream<char,struct std::char_traits<char>,class std::allocator<char> > &))
      179    ?WriteParameters@@YAXABV?$basic_string@_WU?$char_traits@_W@std@@V?$allocator@_W@2@@std@@V?$basic_string@DU?$char_traits@D@std@@V?$allocator@D@2@@2@PAUparamStruct@@PAX@Z (void __cdecl WriteParameters(class std::basic_string<wchar_t,struct std::char_traits<wchar_t>,class std::allocator<wchar_t> > const &,class std::basic_string<char,struct std::char_traits<char>,class std::allocator<char> >,struct paramStruct *,void *))
      180    ?WritePeaks@@YAXABV?$basic_string@_WU?$char_traits@_W@std@@V?$allocator@_W@2@@std@@V?$basic_string@DU?$char_traits@D@std@@V?$allocator@D@2@@2@PBUpeakStruct@@PAX@Z (void __cdecl WritePeaks(class std::basic_string<wchar_t,struct std::char_traits<wchar_t>,class std::allocator<wchar_t> > const &,class std::basic_string<char,struct std::char_traits<char>,class std::allocator<char> >,struct peakStruct const *,void *))
      181    ?WritePhases@@YAXABV?$basic_string@_WU?$char_traits@_W@std@@V?$allocator@_W@2@@std@@V?$basic_string@DU?$char_traits@D@std@@V?$allocator@D@2@@2@PBUphaseStruct@@HPAX@Z (void __cdecl WritePhases(class std::basic_string<wchar_t,struct std::char_traits<wchar_t>,class std::allocator<wchar_t> > const &,class std::basic_string<char,struct std::char_traits<char>,class std::allocator<char> >,struct phaseStruct const *,int,void *))
      182    ?debugMatrixPrintM@Model@@QAE?AV?$basic_string@DU?$char_traits@D@std@@V?$allocator@D@2@@std@@V?$Matrix@N$0?0$0?0$0A@$0?0$0?0@Eigen@@@Z (public: class std::basic_string<char,struct std::char_traits<char>,class std::allocator<char> > __thiscall Model::debugMatrixPrintM(class Eigen::Matrix<double,-1,-1,0,-1,-1>))
      183    ?debugModelParams@Model@@QAE?AV?$basic_string@DU?$char_traits@D@std@@V?$allocator@D@2@@std@@XZ (public: class std::basic_string<char,struct std::char_traits<char>,class std::allocator<char> > __thiscall Model::debugModelParams(void))
      184    ?debugParamStruct@Model@@QAE?AV?$basic_string@DU?$char_traits@D@std@@V?$allocator@D@2@@std@@UparamStruct@@@Z (public: class std::basic_string<char,struct std::char_traits<char>,class std::allocator<char> > __thiscall Model::debugParamStruct(struct paramStruct))
      185    ?derF@Model@@IAE?AV?$Matrix@N$0?0$00$0A@$0?0$00@Eigen@@ABV?$vector@NV?$allocator@N@std@@@std@@AAV23@HHNN@Z (protected: class Eigen::Matrix<double,-1,1,0,-1,1> __thiscall Model::derF(class std::vector<double,class std::allocator<double> > const &,class Eigen::Matrix<double,-1,1,0,-1,1> &,int,int,double,double))
      186    ?gaussianFW@@YANNNNNN@Z (double __cdecl gaussianFW(double,double,double,double,double))
      187    ?gaussianSig@@YANNNNNN@Z (double __cdecl gaussianSig(double,double,double,double,double))
      188    ?hasGPUBackend@@YA_NXZ (bool __cdecl hasGPUBackend(void))
      189    ?isAccurateDerivative@@YA_NXZ (bool __cdecl isAccurateDerivative(void))
      190    ?isAccurateFitting@@YA_NXZ (bool __cdecl isAccurateFitting(void))
      191    ?isConsEcc@@YA_NXZ (bool __cdecl isConsEcc(void))
      192    ?isCuboidModel@@YA_NXZ (bool __cdecl isCuboidModel(void))
      193    ?isGPUBackend@@YA_NXZ (bool __cdecl isGPUBackend(void))
      194    ?isGaussED@@YA_NXZ (bool __cdecl isGaussED(void))
      195    ?isGaussMembrane@@YA_NXZ (bool __cdecl isGaussMembrane(void))
      196    ?isLogFitting@@YA_NXZ (bool __cdecl isLogFitting(void))
      197    ?isSigma@@YA_NXZ (bool __cdecl isSigma(void))
      198    ?isWSSRFitting@@YA_NXZ (bool __cdecl isWSSRFitting(void))
      199    ?setAccuracySettings@@YAX_N000@Z (void __cdecl setAccuracySettings(bool,bool,bool,bool))
      200    ?smoothVector@@YAXHAAV?$vector@NV?$allocator@N@std@@@std@@@Z (void __cdecl smoothVector(int,class std::vector<double,class std::allocator<double> > &))
      201    _GetModel
               exported name: GetModel
      202    _GetModelName
               exported name: GetModelName
      203    _GetNumModels
               exported name: GetNumModels
