  graphtoolkit.cpp
  AssemblyInfo.cpp
Z:\Homes\noam\NOAM-X-plus-real\r3\Population\PopulationGUI\AssemblyInfo.cpp(38,46): warning C4947: 'System::Security::Permissions::SecurityAction::RequestMinimum': marked as obsolete
      Z:\Homes\noam\NOAM-X-plus-real\r3\Population\PopulationGUI\AssemblyInfo.cpp(38,46):
      Message: 'Assembly level declarative security is obsolete and is no longer enforced by the CLR by default. See http://go.microsoft.com/fwlink/?LinkID=155570 for more information.'
  
  FileExpressionPanel.cpp
  PopulationGUI.cpp
  TWindow.cpp
Z:\Homes\noam\NOAM-X-plus-real\r3\Population\PopulationGUI\TWindow.cpp(1058,21): warning C4477: 'fprintf' : format string '%s' requires an argument of type 'char *', but variadic argument 1 has type 'std::wstring'
  Generating Code...
Z:\Homes\noam\NOAM-X-plus-real\r3\Common\Eigen\Eigen\src\Core\arch\SSE\PacketMath.h(1470,1): warning C4793: 'Eigen::internal::pstore<double,__m128d>': function compiled as native:
Z:\Homes\noam\NOAM-X-plus-real\r3\Common\Eigen\Eigen\src\Core\arch\SSE\PacketMath.h(1470,1): warning C4793: 	Found an intrinsic not supported in managed code
Z:\Homes\noam\NOAM-X-plus-real\r3\Common\Eigen\Eigen\src\Core\arch\SSE\PacketMath.h(1491,1): warning C4793: 'Eigen::internal::pstoreu<double,__m128d>': function compiled as native:
Z:\Homes\noam\NOAM-X-plus-real\r3\Common\Eigen\Eigen\src\Core\arch\SSE\PacketMath.h(1491,1): warning C4793: 	Found an intrinsic not supported in managed code
Z:\Homes\noam\NOAM-X-plus-real\r3\Common\Eigen\Eigen\src\Core\arch\SSE\PacketMath.h(1478,1): warning C4793: 'Eigen::internal::pstore<int,Eigen::internal::eigen_packet_wrapper<__m128i,0> >': function compiled as native:
Z:\Homes\noam\NOAM-X-plus-real\r3\Common\Eigen\Eigen\src\Core\arch\SSE\PacketMath.h(1478,1): warning C4793: 	Found an intrinsic not supported in managed code
Z:\Homes\noam\NOAM-X-plus-real\r3\Common\Eigen\Eigen\src\Core\arch\SSE\PacketMath.h(1503,1): warning C4793: 'Eigen::internal::pstoreu<int,Eigen::internal::eigen_packet_wrapper<__m128i,0> >': function compiled as native:
Z:\Homes\noam\NOAM-X-plus-real\r3\Common\Eigen\Eigen\src\Core\arch\SSE\PacketMath.h(1503,1): warning C4793: 	Found an intrinsic not supported in managed code
Z:\Homes\noam\NOAM-X-plus-real\r3\Common\Eigen\Eigen\src\Core\arch\SSE\PacketMath.h(1337,1): warning C4793: 'Eigen::internal::pload<__m128d>': function compiled as native:
Z:\Homes\noam\NOAM-X-plus-real\r3\Common\Eigen\Eigen\src\Core\arch\SSE\PacketMath.h(1337,1): warning C4793: 	Found an intrinsic not supported in managed code
Z:\Homes\noam\NOAM-X-plus-real\r3\Common\Eigen\Eigen\src\Core\arch\SSE\PacketMath.h(1375,1): warning C4793: 'Eigen::internal::ploadu<__m128d>': function compiled as native:
Z:\Homes\noam\NOAM-X-plus-real\r3\Common\Eigen\Eigen\src\Core\arch\SSE\PacketMath.h(1375,1): warning C4793: 	Found an intrinsic not supported in managed code
Z:\Homes\noam\NOAM-X-plus-real\r3\Common\Eigen\Eigen\src\Core\arch\SSE\PacketMath.h(627,1): warning C4793: 'Eigen::internal::pmul<__m128d>': function compiled as native:
Z:\Homes\noam\NOAM-X-plus-real\r3\Common\Eigen\Eigen\src\Core\arch\SSE\PacketMath.h(627,1): warning C4793: 	Found an intrinsic not supported in managed code
Z:\Homes\noam\NOAM-X-plus-real\r3\Common\Eigen\Eigen\src\Core\arch\SSE\PacketMath.h(403,1): warning C4793: 'Eigen::internal::pset1<Eigen::internal::eigen_packet_wrapper<__m128i,0> >': function compiled as native:
Z:\Homes\noam\NOAM-X-plus-real\r3\Common\Eigen\Eigen\src\Core\arch\SSE\PacketMath.h(403,1): warning C4793: 	Found an intrinsic not supported in managed code
Z:\Homes\noam\NOAM-X-plus-real\r3\Common\Eigen\Eigen\src\Core\arch\SSE\PacketMath.h(395,1): warning C4793: 'Eigen::internal::pset1<__m128d>': function compiled as native:
Z:\Homes\noam\NOAM-X-plus-real\r3\Common\Eigen\Eigen\src\Core\arch\SSE\PacketMath.h(395,1): warning C4793: 	Found an intrinsic not supported in managed code
  .NETFramework,Version=v4.7.2.AssemblyAttributes.cpp
  graphtoolkit.obj : MSIL module encountered; incremental linking is disabled for MSIL; performing full link
  PopulationGUI.vcxproj -> Z:\Homes\noam\NOAM-X-plus-real\r3\Win32\Debug\PopulationGUI.exe
